Component: ARM Compiler 5.06 update 5 (build 528) Tool: armlink [4d35e2]

==============================================================================

Section Cross References

    main.o(.text) refers to stm32f10x_rcc.o(.text) for RCC_APB2PeriphClockCmd
    main.o(.text) refers to stm32f10x_gpio.o(.text) for GPIO_Init
    main.o(.text) refers to delay.o(.text) for delay_init
    main.o(.text) refers to keyboard.o(.text) for Key_Init
    main.o(.text) refers to lcd_driver.o(.text) for Lcd_Init
    main.o(.text) refers to main.o(.data) for num
    startup_stm32f10x_md.o(STACK) refers (Special) to heapauxi.o(.text) for __use_two_region_memory
    startup_stm32f10x_md.o(HEAP) refers (Special) to heapauxi.o(.text) for __use_two_region_memory
    startup_stm32f10x_md.o(RESET) refers (Special) to heapauxi.o(.text) for __use_two_region_memory
    startup_stm32f10x_md.o(RESET) refers to startup_stm32f10x_md.o(STACK) for __initial_sp
    startup_stm32f10x_md.o(RESET) refers to startup_stm32f10x_md.o(.text) for Reset_Handler
    startup_stm32f10x_md.o(RESET) refers to stm32f10x_it.o(.text) for NMI_Handler
    startup_stm32f10x_md.o(RESET) refers to exti.o(.text) for EXTI2_IRQHandler
    startup_stm32f10x_md.o(RESET) refers to timer.o(.text) for TIM3_IRQHandler
    startup_stm32f10x_md.o(RESET) refers to usart.o(.text) for USART1_IRQHandler
    startup_stm32f10x_md.o(.text) refers (Special) to heapauxi.o(.text) for __use_two_region_memory
    startup_stm32f10x_md.o(.text) refers to system_stm32f10x.o(.text) for SystemInit
    startup_stm32f10x_md.o(.text) refers to __main.o(!!!main) for __main
    startup_stm32f10x_md.o(.text) refers to startup_stm32f10x_md.o(HEAP) for Heap_Mem
    startup_stm32f10x_md.o(.text) refers to startup_stm32f10x_md.o(STACK) for Stack_Mem
    lcd_driver.o(.text) refers to stm32f10x_rcc.o(.text) for RCC_APB2PeriphClockCmd
    lcd_driver.o(.text) refers to stm32f10x_gpio.o(.text) for GPIO_Init
    lcd_driver.o(.text) refers to delay.o(.text) for delay_ms
    lcd_driver.o(.text) refers to lcd_driver.o(.constdata) for Font6x8
    lcd_driver.o(.text) refers to lcd_driver.o(.data) for Show_5Bits
    exti.o(.text) refers to stm32f10x_rcc.o(.text) for RCC_APB2PeriphClockCmd
    exti.o(.text) refers to stm32f10x_gpio.o(.text) for GPIO_EXTILineConfig
    exti.o(.text) refers to stm32f10x_exti.o(.text) for EXTI_Init
    exti.o(.text) refers to misc.o(.text) for NVIC_Init
    exti.o(.text) refers to exti.o(.data) for encoder
    timer.o(.text) refers to stm32f10x_rcc.o(.text) for RCC_APB1PeriphClockCmd
    timer.o(.text) refers to stm32f10x_tim.o(.text) for TIM_TimeBaseInit
    timer.o(.text) refers to misc.o(.text) for NVIC_Init
    keyboard.o(.text) refers to stm32f10x_rcc.o(.text) for RCC_APB2PeriphClockCmd
    keyboard.o(.text) refers to stm32f10x_gpio.o(.text) for GPIO_Init
    keyboard.o(.text) refers to delay.o(.text) for delay_ms
    system_stm32f10x.o(.text) refers to system_stm32f10x.o(.data) for SystemCoreClock
    stm32f10x_adc.o(.text) refers to stm32f10x_rcc.o(.text) for RCC_APB2PeriphResetCmd
    stm32f10x_gpio.o(.text) refers to stm32f10x_rcc.o(.text) for RCC_APB2PeriphResetCmd
    stm32f10x_rcc.o(.text) refers to stm32f10x_rcc.o(.data) for APBAHBPrescTable
    stm32f10x_tim.o(.text) refers to stm32f10x_rcc.o(.text) for RCC_APB2PeriphResetCmd
    stm32f10x_usart.o(.text) refers to stm32f10x_rcc.o(.text) for RCC_APB2PeriphResetCmd
    delay.o(.text) refers to misc.o(.text) for SysTick_CLKSourceConfig
    delay.o(.text) refers to system_stm32f10x.o(.data) for SystemCoreClock
    delay.o(.text) refers to delay.o(.data) for fac_us
    usart.o(.text) refers to stm32f10x_rcc.o(.text) for RCC_APB2PeriphClockCmd
    usart.o(.text) refers to stm32f10x_gpio.o(.text) for GPIO_Init
    usart.o(.text) refers to misc.o(.text) for NVIC_Init
    usart.o(.text) refers to stm32f10x_usart.o(.text) for USART_Init
    usart.o(.text) refers to dleqf.o(x$fpl$dleqf) for __aeabi_cdcmple
    usart.o(.text) refers to deqf.o(x$fpl$deqf) for __aeabi_cdcmpeq
    usart.o(.text) refers to dmul.o(x$fpl$dmul) for __aeabi_dmul
    usart.o(.text) refers to dflt_clz.o(x$fpl$dfltu) for __aeabi_ui2d
    usart.o(.text) refers to pow.o(i.pow) for pow
    usart.o(.text) refers to drleqf.o(x$fpl$drleqf) for __aeabi_cdrcmple
    usart.o(.text) refers to daddsub_clz.o(x$fpl$dadd) for __aeabi_dadd
    usart.o(.text) refers to dfix.o(x$fpl$dfix) for __aeabi_d2iz
    usart.o(.text) refers to ddiv.o(x$fpl$ddiv) for __aeabi_ddiv
    usart.o(.text) refers to usart.o(.data) for Res
    __main.o(!!!main) refers to __rtentry.o(.ARM.Collect$$rtentry$$00000000) for __rt_entry
    daddsub_clz.o(x$fpl$dadd) refers (Special) to usenofp.o(x$fpl$usenofp) for __I$use$fp
    daddsub_clz.o(x$fpl$dadd) refers to daddsub_clz.o(x$fpl$dsub) for _dsub1
    daddsub_clz.o(x$fpl$dadd) refers to dretinf.o(x$fpl$dretinf) for __fpl_dretinf
[...]
    rtexit.o(.ARM.Collect$$rtexit$$00000000) refers (Special) to rtexit2.o(.ARM.Collect$$rtexit$$00000004) for __rt_exit_exit
    rtexit.o(.ARM.Collect$$rtexit$$00000000) refers (Special) to rtexit2.o(.ARM.Collect$$rtexit$$00000003) for __rt_exit_ls
    rtexit.o(.ARM.Collect$$rtexit$$00000000) refers (Special) to rtexit2.o(.ARM.Collect$$rtexit$$00000002) for __rt_exit_prels_1
    rtexit.o(.ARM.exidx) refers (Special) to rtexit2.o(.ARM.Collect$$rtexit$$00000004) for __rt_exit_exit
    rtexit.o(.ARM.exidx) refers (Special) to rtexit2.o(.ARM.Collect$$rtexit$$00000003) for __rt_exit_ls
    rtexit.o(.ARM.exidx) refers (Special) to rtexit2.o(.ARM.Collect$$rtexit$$00000002) for __rt_exit_prels_1
    rtexit.o(.ARM.exidx) refers to rtexit.o(.ARM.Collect$$rtexit$$00000000) for .ARM.Collect$$rtexit$$00000000
    libinit2.o(.ARM.Collect$$libinit$$00000010) refers to libinit2.o(.ARM.Collect$$libinit$$0000000F) for .ARM.Collect$$libinit$$0000000F
    libinit2.o(.ARM.Collect$$libinit$$00000012) refers to libinit2.o(.ARM.Collect$$libinit$$0000000F) for .ARM.Collect$$libinit$$0000000F
    libinit2.o(.ARM.Collect$$libinit$$00000014) refers to libinit2.o(.ARM.Collect$$libinit$$0000000F) for .ARM.Collect$$libinit$$0000000F
    libinit2.o(.ARM.Collect$$libinit$$00000016) refers to libinit2.o(.ARM.Collect$$libinit$$0000000F) for .ARM.Collect$$libinit$$0000000F
    libinit2.o(.ARM.Collect$$libinit$$00000018) refers to libinit2.o(.ARM.Collect$$libinit$$0000000F) for .ARM.Collect$$libinit$$0000000F
    libinit2.o(.ARM.Collect$$libinit$$00000026) refers to argv_veneer.o(.emb_text) for __ARM_argv_veneer
    libinit2.o(.ARM.Collect$$libinit$$00000027) refers to argv_veneer.o(.emb_text) for __ARM_argv_veneer
    trapv.o(x$fpl$trapveneer) refers (Special) to usenofp.o(x$fpl$usenofp) for __I$use$fp
    rtexit2.o(.ARM.Collect$$rtexit$$00000003) refers to libshutdown.o(.ARM.Collect$$libshutdown$$00000000) for __rt_lib_shutdown
    rtexit2.o(.ARM.Collect$$rtexit$$00000004) refers to sys_exit.o(.text) for _sys_exit
    rtexit2.o(.ARM.exidx) refers to rtexit2.o(.ARM.Collect$$rtexit$$00000001) for .ARM.Collect$$rtexit$$00000001
    rtexit2.o(.ARM.exidx) refers to rtexit2.o(.ARM.Collect$$rtexit$$00000003) for .ARM.Collect$$rtexit$$00000003
    rtexit2.o(.ARM.exidx) refers to rtexit2.o(.ARM.Collect$$rtexit$$00000004) for .ARM.Collect$$rtexit$$00000004
    argv_veneer.o(.emb_text) refers to no_argv.o(.text) for __ARM_get_argv
    sys_exit.o(.text) refers (Special) to use_no_semi.o(.text) for __I$use$semihosting
    sys_exit.o(.text) refers (Special) to indicate_semi.o(.text) for __semihosting_library_function
    _get_argv_nomalloc.o(.text) refers (Special) to hrguard.o(.text) for __heap_region$guard
    _get_argv_nomalloc.o(.text) refers to defsig_rtmem_outer.o(.text) for __rt_SIGRTMEM
    _get_argv_nomalloc.o(.text) refers to sys_command.o(.text) for _sys_command_string
    libshutdown.o(.ARM.Collect$$libshutdown$$00000000) refers (Special) to libshutdown2.o(.ARM.Collect$$libshutdown$$00000002) for __rt_lib_shutdown_cpp_1
    libshutdown.o(.ARM.Collect$$libshutdown$$00000000) refers (Special) to libshutdown2.o(.ARM.Collect$$libshutdown$$00000007) for __rt_lib_shutdown_fp_trap_1
    libshutdown.o(.ARM.Collect$$libshutdown$$00000000) refers (Special) to libshutdown2.o(.ARM.Collect$$libshutdown$$0000000F) for __rt_lib_shutdown_heap_1
    libshutdown.o(.ARM.Collect$$libshutdown$$00000000) refers (Special) to libshutdown2.o(.ARM.Collect$$libshutdown$$00000010) for __rt_lib_shutdown_return
    libshutdown.o(.ARM.Collect$$libshutdown$$00000000) refers (Special) to libshutdown2.o(.ARM.Collect$$libshutdown$$0000000A) for __rt_lib_shutdown_signal_1
    libshutdown.o(.ARM.Collect$$libshutdown$$00000000) refers (Special) to libshutdown2.o(.ARM.Collect$$libshutdown$$00000004) for __rt_lib_shutdown_stdio_1
    libshutdown.o(.ARM.Collect$$libshutdown$$00000000) refers (Special) to libshutdown2.o(.ARM.Collect$$libshutdown$$0000000C) for __rt_lib_shutdown_user_alloc_1
    sys_command.o(.text) refers (Special) to use_no_semi.o(.text) for __I$use$semihosting
    sys_command.o(.text) refers (Special) to indicate_semi.o(.text) for __semihosting_library_function
    defsig_rtmem_outer.o(.text) refers to defsig_rtmem_inner.o(.text) for __rt_SIGRTMEM_inner
    defsig_rtmem_outer.o(.text) refers to defsig_exit.o(.text) for __sig_exit
    defsig_rtmem_formal.o(.text) refers to rt_raise.o(.text) for __rt_raise
    rt_raise.o(.text) refers to __raise.o(.text) for __raise
    rt_raise.o(.text) refers to sys_exit.o(.text) for _sys_exit
    defsig_exit.o(.text) refers to sys_exit.o(.text) for _sys_exit
    defsig_rtmem_inner.o(.text) refers to defsig_general.o(.text) for __default_signal_display
    __raise.o(.text) refers to defsig.o(CL$$defsig) for __default_signal_handler
    defsig_general.o(.text) refers to sys_wrch.o(.text) for _ttywrch
    sys_wrch.o(.text) refers (Special) to use_no_semi.o(.text) for __I$use$semihosting
    sys_wrch.o(.text) refers (Special) to indicate_semi.o(.text) for __semihosting_library_function
    defsig.o(CL$$defsig) refers to defsig_rtmem_inner.o(.text) for __rt_SIGRTMEM_inner
    defsig_abrt_inner.o(.text) refers to defsig_general.o(.text) for __default_signal_display
    defsig_fpe_inner.o(.text) refers to defsig_general.o(.text) for __default_signal_display
    defsig_rtred_inner.o(.text) refers to defsig_general.o(.text) for __default_signal_display
    defsig_stak_inner.o(.text) refers to defsig_general.o(.text) for __default_signal_display
    defsig_pvfn_inner.o(.text) refers to defsig_general.o(.text) for __default_signal_display
    defsig_cppl_inner.o(.text) refers to defsig_general.o(.text) for __default_signal_display
    defsig_segv_inner.o(.text) refers to defsig_general.o(.text) for __default_signal_display
    defsig_other.o(.text) refers to defsig_general.o(.text) for __default_signal_display


==============================================================================

Removing Unused input sections from the image.

    Removing core_cm3.o(.emb_text), (32 bytes).
    Removing stm32f10x_adc.o(.text), (1102 bytes).

2 unused section(s) (total 1134 bytes) removed from the image.

==============================================================================

Image Symbol Table

    Local Symbols

    Symbol Name                              Value     Ov Type        Size  Object(Section)

    ../clib/angel/boardlib.s                 0x00000000   Number         0  boardinit3.o ABSOLUTE
    ../clib/angel/boardlib.s                 0x00000000   Number         0  boardinit2.o ABSOLUTE
    ../clib/angel/boardlib.s                 0x00000000   Number         0  boardinit1.o ABSOLUTE
    ../clib/angel/boardlib.s                 0x00000000   Number         0  boardshut.o ABSOLUTE
    ../clib/angel/dclz77c.s                  0x00000000   Number         0  __dclz77c.o ABSOLUTE
    ../clib/angel/handlers.s                 0x00000000   Number         0  __scatter_zi.o ABSOLUTE
    ../clib/angel/kernel.s                   0x00000000   Number         0  rtexit.o ABSOLUTE
    ../clib/angel/kernel.s                   0x00000000   Number         0  __rtentry.o ABSOLUTE
    ../clib/angel/kernel.s                   0x00000000   Number         0  __rtentry2.o ABSOLUTE
    ../clib/angel/kernel.s                   0x00000000   Number         0  __rtentry4.o ABSOLUTE
    ../clib/angel/kernel.s                   0x00000000   Number         0  rtexit2.o ABSOLUTE
    ../clib/angel/rt.s                       0x00000000   Number         0  rt_raise.o ABSOLUTE
    ../clib/angel/rt.s                       0x00000000   Number         0  rt_errno_addr_intlibspace.o ABSOLUTE
    ../clib/angel/rt.s                       0x00000000   Number         0  rt_errno_addr.o ABSOLUTE
    ../clib/angel/scatter.s                  0x00000000   Number         0  __scatter.o ABSOLUTE
    ../clib/angel/startup.s                  0x00000000   Number         0  __main.o ABSOLUTE
    ../clib/angel/sys.s                      0x00000000   Number         0  indicate_semi.o ABSOLUTE
    ../clib/angel/sys.s                      0x00000000   Number         0  libspace.o ABSOLUTE
    ../clib/angel/sys.s                      0x00000000   Number         0  sys_stackheap_outer.o ABSOLUTE
    ../clib/angel/sys.s                      0x00000000   Number         0  use_no_semi.o ABSOLUTE
    ../clib/angel/sysapp.c                   0x00000000   Number         0  sys_wrch.o ABSOLUTE
    ../clib/angel/sysapp.c                   0x00000000   Number         0  sys_exit.o ABSOLUTE
    ../clib/angel/sysapp.c                   0x00000000   Number         0  sys_command.o ABSOLUTE
    ../clib/armsys.c                         0x00000000   Number         0  argv_veneer.o ABSOLUTE
    ../clib/armsys.c                         0x00000000   Number         0  argv_veneer.o ABSOLUTE
    ../clib/armsys.c                         0x00000000   Number         0  _get_argv_nomalloc.o ABSOLUTE
    ../clib/armsys.c                         0x00000000   Number         0  no_argv.o ABSOLUTE
    ../clib/fenv.c                           0x00000000   Number         0  _rserrno.o ABSOLUTE
    ../clib/heapalloc.c                      0x00000000   Number         0  hrguard.o ABSOLUTE
    ../clib/heapaux.c                        0x00000000   Number         0  heapauxi.o ABSOLUTE
    ../clib/libinit.s                        0x00000000   Number         0  libinit2.o ABSOLUTE
    ../clib/libinit.s                        0x00000000   Number         0  libshutdown.o ABSOLUTE
    ../clib/libinit.s                        0x00000000   Number         0  libshutdown2.o ABSOLUTE
    ../clib/libinit.s                        0x00000000   Number         0  libinit.o ABSOLUTE
    ../clib/signal.c                         0x00000000   Number         0  defsig_fpe_inner.o ABSOLUTE
    ../clib/signal.c                         0x00000000   Number         0  defsig_abrt_inner.o ABSOLUTE
    ../clib/signal.c                         0x00000000   Number         0  defsig_general.o ABSOLUTE
    ../clib/signal.c                         0x00000000   Number         0  __raise.o ABSOLUTE
    ../clib/signal.c                         0x00000000   Number         0  defsig_exit.o ABSOLUTE
    ../clib/signal.c                         0x00000000   Number         0  defsig_rtmem_outer.o ABSOLUTE
    ../clib/signal.c                         0x00000000   Number         0  defsig_rtmem_formal.o ABSOLUTE
    ../clib/signal.c                         0x00000000   Number         0  defsig_other.o ABSOLUTE
    ../clib/signal.c                         0x00000000   Number         0  defsig_segv_inner.o ABSOLUTE
    ../clib/signal.c                         0x00000000   Number         0  defsig_cppl_inner.o ABSOLUTE
    ../clib/signal.c                         0x00000000   Number         0  defsig_pvfn_inner.o ABSOLUTE
    ../clib/signal.c                         0x00000000   Number         0  defsig_rtmem_inner.o ABSOLUTE
    ../clib/signal.c                         0x00000000   Number         0  defsig_stak_inner.o ABSOLUTE
    ../clib/signal.c                         0x00000000   Number         0  defsig_rtred_inner.o ABSOLUTE
    ../clib/signal.s                         0x00000000   Number         0  defsig.o ABSOLUTE
    ../clib/stdlib.c                         0x00000000   Number         0  exit.o ABSOLUTE
    ../fplib/daddsub.s                       0x00000000   Number         0  daddsub_clz.o ABSOLUTE
    ../fplib/dcheck1.s                       0x00000000   Number         0  dcheck1.o ABSOLUTE
    ../fplib/dcmpi.s                         0x00000000   Number         0  dcmpi.o ABSOLUTE
    ../fplib/ddiv.s                          0x00000000   Number         0  ddiv.o ABSOLUTE
    ../fplib/deqf.s                          0x00000000   Number         0  deqf.o ABSOLUTE
    ../fplib/dfix.s                          0x00000000   Number         0  dfix.o ABSOLUTE
    ../fplib/dflt.s                          0x00000000   Number         0  dflt_clz.o ABSOLUTE
    ../fplib/dleqf.s                         0x00000000   Number         0  dleqf.o ABSOLUTE
    ../fplib/dmul.s                          0x00000000   Number         0  dmul.o ABSOLUTE
    ../fplib/dnaninf.s                       0x00000000   Number         0  dnaninf.o ABSOLUTE
    ../fplib/dretinf.s                       0x00000000   Number         0  dretinf.o ABSOLUTE
    ../fplib/drleqf.s                        0x00000000   Number         0  drleqf.o ABSOLUTE
    ../fplib/dsqrt.s                         0x00000000   Number         0  dsqrt_noumaal.o ABSOLUTE
    ../fplib/fpinit.s                        0x00000000   Number         0  fpinit.o ABSOLUTE
    ../fplib/retnan.s                        0x00000000   Number         0  retnan.o ABSOLUTE
    ../fplib/scalbn.s                        0x00000000   Number         0  scalbn.o ABSOLUTE
    ../fplib/trapv.s                         0x00000000   Number         0  trapv.o ABSOLUTE
    ../fplib/usenofp.s                       0x00000000   Number         0  usenofp.o ABSOLUTE
    ../mathlib/dunder.c                      0x00000000   Number         0  dunder.o ABSOLUTE
    ../mathlib/fpclassify.c                  0x00000000   Number         0  fpclassify.o ABSOLUTE
    ../mathlib/poly.c                        0x00000000   Number         0  poly.o ABSOLUTE
    ../mathlib/pow.c                         0x00000000   Number         0  pow_x.o ABSOLUTE
    ../mathlib/pow.c                         0x00000000   Number         0  pow.o ABSOLUTE
    ../mathlib/qnan.c                        0x00000000   Number         0  qnan.o ABSOLUTE
    ../mathlib/sqrt.c                        0x00000000   Number         0  sqrt.o ABSOLUTE
    ../mathlib/sqrt.c                        0x00000000   Number         0  sqrt_x.o ABSOLUTE
    ..\CORE\core_cm3.c                       0x00000000   Number         0  core_cm3.o ABSOLUTE
    ..\CORE\startup_stm32f10x_md.s           0x00000000   Number         0  startup_stm32f10x_md.o ABSOLUTE
    ..\CORE\stm32f10x_it.c                   0x00000000   Number         0  stm32f10x_it.o ABSOLUTE
    ..\CORE\system_stm32f10x.c               0x00000000   Number         0  system_stm32f10x.o ABSOLUTE
    ..\FWLib\src\misc.c                      0x00000000   Number         0  misc.o ABSOLUTE
    ..\FWLib\src\stm32f10x_adc.c             0x00000000   Number         0  stm32f10x_adc.o ABSOLUTE
    ..\FWLib\src\stm32f10x_exti.c            0x00000000   Number         0  stm32f10x_exti.o ABSOLUTE
    ..\FWLib\src\stm32f10x_gpio.c            0x00000000   Number         0  stm32f10x_gpio.o ABSOLUTE
    ..\FWLib\src\stm32f10x_rcc.c             0x00000000   Number         0  stm32f10x_rcc.o ABSOLUTE
    ..\FWLib\src\stm32f10x_tim.c             0x00000000   Number         0  stm32f10x_tim.o ABSOLUTE
    ..\FWLib\src\stm32f10x_usart.c           0x00000000   Number         0  stm32f10x_usart.o ABSOLUTE
    ..\PERIPH\Keyboard.c                     0x00000000   Number         0  keyboard.o ABSOLUTE
    ..\PERIPH\exti.c                         0x00000000   Number         0  exti.o ABSOLUTE
    ..\PERIPH\timer.c                        0x00000000   Number         0  timer.o ABSOLUTE
    ..\SYSTEM\delay.c                        0x00000000   Number         0  delay.o ABSOLUTE
    ..\SYSTEM\sys.c                          0x00000000   Number         0  sys.o ABSOLUTE
    ..\SYSTEM\usart.c                        0x00000000   Number         0  usart.o ABSOLUTE
    ..\\CORE\\core_cm3.c                     0x00000000   Number         0  core_cm3.o ABSOLUTE
    Lcd_Driver.c                             0x00000000   Number         0  lcd_driver.o ABSOLUTE
    dc.s                                     0x00000000   Number         0  dc.o ABSOLUTE
    main.c                                   0x00000000   Number         0  main.o ABSOLUTE
    RESET                                    0x08000000   Section      236  startup_stm32f10x_md.o(RESET)
    !!!main                                  0x080000ec   Section        8  __main.o(!!!main)
    !!!scatter                               0x080000f4   Section       52  __scatter.o(!!!scatter)
    !!dclz77c                                0x08000128   Section      100  __dclz77c.o(!!dclz77c)
    !!handler_zi                             0x0800018c   Section       28  __scatter_zi.o(!!handler_zi)
    .ARM.Collect$$libinit$$00000000          0x080001a8   Section        2  libinit.o(.ARM.Collect$$libinit$$00000000)
    .ARM.Collect$$libinit$$00000002          0x080001aa   Section        0  libinit2.o(.ARM.Collect$$libinit$$00000002)
    .ARM.Collect$$libinit$$00000004          0x080001aa   Section        0  libinit2.o(.ARM.Collect$$libinit$$00000004)
    .ARM.Collect$$libinit$$0000000A          0x080001aa   Section        0  libinit2.o(.ARM.Collect$$libinit$$0000000A)
    .ARM.Collect$$libinit$$0000000C          0x080001aa   Section        0  libinit2.o(.ARM.Collect$$libinit$$0000000C)
    .ARM.Collect$$libinit$$0000000E          0x080001aa   Section        0  libinit2.o(.ARM.Collect$$libinit$$0000000E)
    .ARM.Collect$$libinit$$00000011          0x080001aa   Section        0  libinit2.o(.ARM.Collect$$libinit$$00000011)
    .ARM.Collect$$libinit$$00000013          0x080001aa   Section        0  libinit2.o(.ARM.Collect$$libinit$$00000013)
    .ARM.Collect$$libinit$$00000015          0x080001aa   Section        0  libinit2.o(.ARM.Collect$$libinit$$00000015)
    .ARM.Collect$$libinit$$00000017          0x080001aa   Section        0  libinit2.o(.ARM.Collect$$libinit$$00000017)
    .ARM.Collect$$libinit$$00000019          0x080001aa   Section        0  libinit2.o(.ARM.Collect$$libinit$$00000019)
    .ARM.Collect$$libinit$$0000001B          0x080001aa   Section        0  libinit2.o(.ARM.Collect$$libinit$$0000001B)
    .ARM.Collect$$libinit$$0000001D          0x080001aa   Section        0  libinit2.o(.ARM.Collect$$libinit$$0000001D)
    .ARM.Collect$$libinit$$0000001F          0x080001aa   Section        0  libinit2.o(.ARM.Collect$$libinit$$0000001F)
    .ARM.Collect$$libinit$$00000021          0x080001aa   Section        0  libinit2.o(.ARM.Collect$$libinit$$00000021)
    .ARM.Collect$$libinit$$00000023          0x080001aa   Section        0  libinit2.o(.ARM.Collect$$libinit$$00000023)
    .ARM.Collect$$libinit$$00000025          0x080001aa   Section        0  libinit2.o(.ARM.Collect$$libinit$$00000025)
    .ARM.Collect$$libinit$$0000002C          0x080001aa   Section        0  libinit2.o(.ARM.Collect$$libinit$$0000002C)
    .ARM.Collect$$libinit$$0000002E          0x080001aa   Section        0  libinit2.o(.ARM.Collect$$libinit$$0000002E)
    .ARM.Collect$$libinit$$00000030          0x080001aa   Section        0  libinit2.o(.ARM.Collect$$libinit$$00000030)
    .ARM.Collect$$libinit$$00000032          0x080001aa   Section        0  libinit2.o(.ARM.Collect$$libinit$$00000032)
    .ARM.Collect$$libinit$$00000033          0x080001aa   Section        2  libinit2.o(.ARM.Collect$$libinit$$00000033)
    .ARM.Collect$$libshutdown$$00000000      0x080001ac   Section        2  libshutdown.o(.ARM.Collect$$libshutdown$$00000000)
    .ARM.Collect$$libshutdown$$00000002      0x080001ae   Section        0  libshutdown2.o(.ARM.Collect$$libshutdown$$00000002)
    .ARM.Collect$$libshutdown$$00000004      0x080001ae   Section        0  libshutdown2.o(.ARM.Collect$$libshutdown$$00000004)
    .ARM.Collect$$libshutdown$$00000007      0x080001ae   Section        0  libshutdown2.o(.ARM.Collect$$libshutdown$$00000007)
    .ARM.Collect$$libshutdown$$0000000A      0x080001ae   Section        0  libshutdown2.o(.ARM.Collect$$libshutdown$$0000000A)
    .ARM.Collect$$libshutdown$$0000000C      0x080001ae   Section        0  libshutdown2.o(.ARM.Collect$$libshutdown$$0000000C)
    .ARM.Collect$$libshutdown$$0000000F      0x080001ae   Section        0  libshutdown2.o(.ARM.Collect$$libshutdown$$0000000F)
    .ARM.Collect$$libshutdown$$00000010      0x080001ae   Section        2  libshutdown2.o(.ARM.Collect$$libshutdown$$00000010)
    .ARM.Collect$$rtentry$$00000000          0x080001b0   Section        0  __rtentry.o(.ARM.Collect$$rtentry$$00000000)
    .ARM.Collect$$rtentry$$00000002          0x080001b0   Section        0  __rtentry2.o(.ARM.Collect$$rtentry$$00000002)
    .ARM.Collect$$rtentry$$00000004          0x080001b0   Section        6  __rtentry4.o(.ARM.Collect$$rtentry$$00000004)
    .ARM.Collect$$rtentry$$00000009          0x080001b6   Section        0  __rtentry2.o(.ARM.Collect$$rtentry$$00000009)
    .ARM.Collect$$rtentry$$0000000A          0x080001b6   Section        4  __rtentry2.o(.ARM.Collect$$rtentry$$0000000A)
    .ARM.Collect$$rtentry$$0000000C          0x080001ba   Section        0  __rtentry2.o(.ARM.Collect$$rtentry$$0000000C)
    .ARM.Collect$$rtentry$$0000000D          0x080001ba   Section        8  __rtentry2.o(.ARM.Collect$$rtentry$$0000000D)
    .ARM.Collect$$rtexit$$00000000           0x080001c2   Section        2  rtexit.o(.ARM.Collect$$rtexit$$00000000)
    .ARM.Collect$$rtexit$$00000002           0x080001c4   Section        0  rtexit2.o(.ARM.Collect$$rtexit$$00000002)
    .ARM.Collect$$rtexit$$00000003           0x080001c4   Section        4  rtexit2.o(.ARM.Collect$$rtexit$$00000003)
    .ARM.Collect$$rtexit$$00000004           0x080001c8   Section        6  rtexit2.o(.ARM.Collect$$rtexit$$00000004)
    .text                                    0x080001ce   Section        0  stm32f10x_it.o(.text)
    .text                                    0x080001e8   Section        0  main.o(.text)
    .text                                    0x08000424   Section       64  startup_stm32f10x_md.o(.text)
    .text                                    0x08000464   Section        0  lcd_driver.o(.text)
    .text                                    0x08000ff4   Section        0  exti.o(.text)
    .text                                    0x08001070   Section        0  timer.o(.text)
    .text                                    0x08001158   Section        0  keyboard.o(.text)
    .text                                    0x08001350   Section        0  system_stm32f10x.o(.text)
    SetSysClockTo72                          0x08001351   Thumb Code   214  system_stm32f10x.o(.text)
    SetSysClock                              0x08001427   Thumb Code     8  system_stm32f10x.o(.text)
    .text                                    0x08001530   Section        0  misc.o(.text)
    .text                                    0x0800160c   Section        0  stm32f10x_exti.o(.text)
    .text                                    0x08001728   Section        0  stm32f10x_gpio.o(.text)
    .text                                    0x08001a84   Section        0  stm32f10x_rcc.o(.text)
    .text                                    0x08001e28   Section        0  stm32f10x_tim.o(.text)
    TI4_Config                               0x080022cf   Thumb Code   130  stm32f10x_tim.o(.text)
    TI3_Config                               0x08002363   Thumb Code   122  stm32f10x_tim.o(.text)
    TI2_Config                               0x080023f7   Thumb Code   130  stm32f10x_tim.o(.text)
    TI1_Config                               0x0800248b   Thumb Code   108  stm32f10x_tim.o(.text)
    .text                                    0x08002c44   Section        0  stm32f10x_usart.o(.text)
    .text                                    0x0800304c   Section        0  delay.o(.text)
    .text                                    0x08003120   Section        0  usart.o(.text)
    .text                                    0x0800341c   Section        0  heapauxi.o(.text)
    .text                                    0x08003422   Section        0  _rserrno.o(.text)
    .text                                    0x08003438   Section        8  rt_errno_addr_intlibspace.o(.text)
    .text                                    0x08003440   Section        8  libspace.o(.text)
    .text                                    0x08003448   Section       74  sys_stackheap_outer.o(.text)
    .text                                    0x08003492   Section        0  exit.o(.text)
    .text                                    0x080034a4   Section        0  sys_exit.o(.text)
    .text                                    0x080034b0   Section        2  use_no_semi.o(.text)
    .text                                    0x080034b2   Section        0  indicate_semi.o(.text)
    i.__ARM_fpclassify                       0x080034b2   Section        0  fpclassify.o(i.__ARM_fpclassify)
    i.__kernel_poly                          0x080034da   Section        0  poly.o(i.__kernel_poly)
    i.__mathlib_dbl_divzero                  0x08003584   Section        0  dunder.o(i.__mathlib_dbl_divzero)
    i.__mathlib_dbl_infnan2                  0x08003594   Section        0  dunder.o(i.__mathlib_dbl_infnan2)
    i.__mathlib_dbl_invalid                  0x08003598   Section        0  dunder.o(i.__mathlib_dbl_invalid)
    i.__mathlib_dbl_overflow                 0x080035a4   Section        0  dunder.o(i.__mathlib_dbl_overflow)
    i.__mathlib_dbl_underflow                0x080035b4   Section        0  dunder.o(i.__mathlib_dbl_underflow)
    i.pow                                    0x080035c4   Section        0  pow.o(i.pow)
    i.sqrt                                   0x08003f9c   Section        0  sqrt.o(i.sqrt)
    x$fpl$dadd                               0x08003fe8   Section      336  daddsub_clz.o(x$fpl$dadd)
    _dadd1                                   0x08003ff9   Thumb Code     0  daddsub_clz.o(x$fpl$dadd)
    x$fpl$dcheck1                            0x08004138   Section       16  dcheck1.o(x$fpl$dcheck1)
    x$fpl$dcmpinf                            0x08004148   Section       24  dcmpi.o(x$fpl$dcmpinf)
    x$fpl$ddiv                               0x08004160   Section      688  ddiv.o(x$fpl$ddiv)
    ddiv_entry                               0x08004167   Thumb Code     0  ddiv.o(x$fpl$ddiv)
    x$fpl$deqf                               0x08004410   Section      120  deqf.o(x$fpl$deqf)
    x$fpl$dfix                               0x08004488   Section       94  dfix.o(x$fpl$dfix)
    x$fpl$dflt                               0x080044e6   Section       46  dflt_clz.o(x$fpl$dflt)
    x$fpl$dfltu                              0x08004514   Section       38  dflt_clz.o(x$fpl$dfltu)
    x$fpl$dleqf                              0x0800453c   Section      120  dleqf.o(x$fpl$dleqf)
    x$fpl$dmul                               0x080045b4   Section      340  dmul.o(x$fpl$dmul)
    x$fpl$dnaninf                            0x08004708   Section      156  dnaninf.o(x$fpl$dnaninf)
    x$fpl$dretinf                            0x080047a4   Section       12  dretinf.o(x$fpl$dretinf)
    x$fpl$drleqf                             0x080047b0   Section      108  drleqf.o(x$fpl$drleqf)
    x$fpl$drsb                               0x0800481c   Section       22  daddsub_clz.o(x$fpl$drsb)
    x$fpl$dsqrt                              0x08004834   Section      460  dsqrt_noumaal.o(x$fpl$dsqrt)
    x$fpl$dsub                               0x08004a00   Section      468  daddsub_clz.o(x$fpl$dsub)
    _dsub1                                   0x08004a11   Thumb Code     0  daddsub_clz.o(x$fpl$dsub)
    x$fpl$retnan                             0x08004bd4   Section      100  retnan.o(x$fpl$retnan)
    x$fpl$scalbn                             0x08004c38   Section       92  scalbn.o(x$fpl$scalbn)
    x$fpl$trapveneer                         0x08004c94   Section       48  trapv.o(x$fpl$trapveneer)
    .constdata                               0x08004cc4   Section     2072  lcd_driver.o(.constdata)
    x$fpl$usenofp                            0x08004cc4   Section        0  usenofp.o(x$fpl$usenofp)
    .constdata                               0x080054e0   Section      136  pow.o(.constdata)
    bp                                       0x080054e0   Data          16  pow.o(.constdata)
    dp_h                                     0x080054f0   Data          16  pow.o(.constdata)
    dp_l                                     0x08005500   Data          16  pow.o(.constdata)
    L                                        0x08005510   Data          48  pow.o(.constdata)
    P                                        0x08005540   Data          40  pow.o(.constdata)
    .constdata                               0x08005568   Section        8  qnan.o(.constdata)
    .data                                    0x20000000   Section        4  main.o(.data)
    .data                                    0x20000004   Section    12808  lcd_driver.o(.data)
    Show_5Bits                               0x20003204   Data           4  lcd_driver.o(.data)
    Show_5Bits                               0x20003208   Data           4  lcd_driver.o(.data)
    .data                                    0x2000320c   Section        4  exti.o(.data)
    .data                                    0x20003210   Section       20  system_stm32f10x.o(.data)
    .data                                    0x20003224   Section       20  stm32f10x_rcc.o(.data)
    APBAHBPrescTable                         0x20003224   Data          16  stm32f10x_rcc.o(.data)
    ADCPrescTable                            0x20003234   Data           4  stm32f10x_rcc.o(.data)
    .data                                    0x20003238   Section        4  delay.o(.data)
    fac_us                                   0x20003238   Data           1  delay.o(.data)
    fac_ms                                   0x2000323a   Data           2  delay.o(.data)
    .data                                    0x2000323c   Section        1  usart.o(.data)
    .bss                                     0x20003240   Section       96  libspace.o(.bss)
    HEAP                                     0x200032a0   Section      512  startup_stm32f10x_md.o(HEAP)
    Heap_Mem                                 0x200032a0   Data         512  startup_stm32f10x_md.o(HEAP)
    STACK                                    0x200034a0   Section     1024  startup_stm32f10x_md.o(STACK)
    Stack_Mem                                0x200034a0   Data        1024  startup_stm32f10x_md.o(STACK)
    __initial_sp                             0x200038a0   Data           0  startup_stm32f10x_md.o(STACK)

    Global Symbols

    Symbol Name                              Value     Ov Type        Size  Object(Section)

    BuildAttributes$$THM_ISAv4$P$D$K$B$S$PE$A:L22UL41UL21$X:L11$S22US41US21$IEEE1$IW$USESV6$~STKCKD$USESV7$~SHL$OTIME$ROPI$IEEEX$EBA8$UX$STANDARDLIB$REQ8$PRES8$EABIv2 0x00000000   Number         0  anon$$obj.o ABSOLUTE
    __ARM_use_no_argv                        0x00000000   Number         0  main.o ABSOLUTE
    __ARM_exceptions_init                     - Undefined Weak Reference
    __alloca_initialize                       - Undefined Weak Reference
    __arm_preinit_                            - Undefined Weak Reference
    __cpp_initialize__aeabi_                  - Undefined Weak Reference
    __cxa_finalize                            - Undefined Weak Reference
    __rt_locale                               - Undefined Weak Reference
    __sigvec_lookup                           - Undefined Weak Reference
    _atexit_init                              - Undefined Weak Reference
    _call_atexit_fns                          - Undefined Weak Reference
    _clock_init                               - Undefined Weak Reference
    _fp_trap_init                             - Undefined Weak Reference
    _fp_trap_shutdown                         - Undefined Weak Reference
    _get_lc_collate                           - Undefined Weak Reference
    _get_lc_ctype                             - Undefined Weak Reference
    _get_lc_monetary                          - Undefined Weak Reference
    _get_lc_numeric                           - Undefined Weak Reference
    _get_lc_time                              - Undefined Weak Reference
    _getenv_init                              - Undefined Weak Reference
    _handle_redirection                       - Undefined Weak Reference
    _init_alloc                               - Undefined Weak Reference
    _init_user_alloc                          - Undefined Weak Reference
    _initio                                   - Undefined Weak Reference
    _rand_init                                - Undefined Weak Reference
    _signal_finish                            - Undefined Weak Reference
    _signal_init                              - Undefined Weak Reference
    _terminate_alloc                          - Undefined Weak Reference
    _terminate_user_alloc                     - Undefined Weak Reference
    _terminateio                              - Undefined Weak Reference
    __Vectors_Size                           0x000000ec   Number         0  startup_stm32f10x_md.o ABSOLUTE
    __Vectors                                0x08000000   Data           4  startup_stm32f10x_md.o(RESET)
    __Vectors_End                            0x080000ec   Data           0  startup_stm32f10x_md.o(RESET)
    __main                                   0x080000ed   Thumb Code     8  __main.o(!!!main)
    __scatterload                            0x080000f5   Thumb Code     0  __scatter.o(!!!scatter)
    __scatterload_rt2                        0x080000f5   Thumb Code    44  __scatter.o(!!!scatter)
    __scatterload_rt2_thumb_only             0x080000f5   Thumb Code     0  __scatter.o(!!!scatter)
    __scatterload_null                       0x08000103   Thumb Code     0  __scatter.o(!!!scatter)
    __decompress                             0x08000129   Thumb Code   100  __dclz77c.o(!!dclz77c)
    __decompress2                            0x08000129   Thumb Code     0  __dclz77c.o(!!dclz77c)
    __scatterload_zeroinit                   0x0800018d   Thumb Code    28  __scatter_zi.o(!!handler_zi)
    __rt_lib_init                            0x080001a9   Thumb Code     0  libinit.o(.ARM.Collect$$libinit$$00000000)
    __rt_lib_init_alloca_1                   0x080001ab   Thumb Code     0  libinit2.o(.ARM.Collect$$libinit$$0000002E)
    __rt_lib_init_argv_1                     0x080001ab   Thumb Code     0  libinit2.o(.ARM.Collect$$libinit$$0000002C)
    __rt_lib_init_atexit_1                   0x080001ab   Thumb Code     0  libinit2.o(.ARM.Collect$$libinit$$0000001B)
    __rt_lib_init_clock_1                    0x080001ab   Thumb Code     0  libinit2.o(.ARM.Collect$$libinit$$00000021)
    __rt_lib_init_cpp_1                      0x080001ab   Thumb Code     0  libinit2.o(.ARM.Collect$$libinit$$00000032)
    __rt_lib_init_exceptions_1               0x080001ab   Thumb Code     0  libinit2.o(.ARM.Collect$$libinit$$00000030)
    __rt_lib_init_fp_1                       0x080001ab   Thumb Code     0  libinit2.o(.ARM.Collect$$libinit$$00000002)
    __rt_lib_init_fp_trap_1                  0x080001ab   Thumb Code     0  libinit2.o(.ARM.Collect$$libinit$$0000001F)
    __rt_lib_init_getenv_1                   0x080001ab   Thumb Code     0  libinit2.o(.ARM.Collect$$libinit$$00000023)
    __rt_lib_init_heap_1                     0x080001ab   Thumb Code     0  libinit2.o(.ARM.Collect$$libinit$$0000000A)
    __rt_lib_init_lc_collate_1               0x080001ab   Thumb Code     0  libinit2.o(.ARM.Collect$$libinit$$00000011)
    __rt_lib_init_lc_ctype_1                 0x080001ab   Thumb Code     0  libinit2.o(.ARM.Collect$$libinit$$00000013)
    __rt_lib_init_lc_monetary_1              0x080001ab   Thumb Code     0  libinit2.o(.ARM.Collect$$libinit$$00000015)
    __rt_lib_init_lc_numeric_1               0x080001ab   Thumb Code     0  libinit2.o(.ARM.Collect$$libinit$$00000017)
    __rt_lib_init_lc_time_1                  0x080001ab   Thumb Code     0  libinit2.o(.ARM.Collect$$libinit$$00000019)
    __rt_lib_init_preinit_1                  0x080001ab   Thumb Code     0  libinit2.o(.ARM.Collect$$libinit$$00000004)
    __rt_lib_init_rand_1                     0x080001ab   Thumb Code     0  libinit2.o(.ARM.Collect$$libinit$$0000000E)
    __rt_lib_init_return                     0x080001ab   Thumb Code     0  libinit2.o(.ARM.Collect$$libinit$$00000033)
    __rt_lib_init_signal_1                   0x080001ab   Thumb Code     0  libinit2.o(.ARM.Collect$$libinit$$0000001D)
    __rt_lib_init_stdio_1                    0x080001ab   Thumb Code     0  libinit2.o(.ARM.Collect$$libinit$$00000025)
    __rt_lib_init_user_alloc_1               0x080001ab   Thumb Code     0  libinit2.o(.ARM.Collect$$libinit$$0000000C)
    __rt_lib_shutdown                        0x080001ad   Thumb Code     0  libshutdown.o(.ARM.Collect$$libshutdown$$00000000)
    __rt_lib_shutdown_cpp_1                  0x080001af   Thumb Code     0  libshutdown2.o(.ARM.Collect$$libshutdown$$00000002)
    __rt_lib_shutdown_fp_trap_1              0x080001af   Thumb Code     0  libshutdown2.o(.ARM.Collect$$libshutdown$$00000007)
    __rt_lib_shutdown_heap_1                 0x080001af   Thumb Code     0  libshutdown2.o(.ARM.Collect$$libshutdown$$0000000F)
    __rt_lib_shutdown_return                 0x080001af   Thumb Code     0  libshutdown2.o(.ARM.Collect$$libshutdown$$00000010)
    __rt_lib_shutdown_signal_1               0x080001af   Thumb Code     0  libshutdown2.o(.ARM.Collect$$libshutdown$$0000000A)
    __rt_lib_shutdown_stdio_1                0x080001af   Thumb Code     0  libshutdown2.o(.ARM.Collect$$libshutdown$$00000004)
    __rt_lib_shutdown_user_alloc_1           0x080001af   Thumb Code     0  libshutdown2.o(.ARM.Collect$$libshutdown$$0000000C)
    __rt_entry                               0x080001b1   Thumb Code     0  __rtentry.o(.ARM.Collect$$rtentry$$00000000)
    __rt_entry_presh_1                       0x080001b1   Thumb Code     0  __rtentry2.o(.ARM.Collect$$rtentry$$00000002)
    __rt_entry_sh                            0x080001b1   Thumb Code     0  __rtentry4.o(.ARM.Collect$$rtentry$$00000004)
    __rt_entry_li                            0x080001b7   Thumb Code     0  __rtentry2.o(.ARM.Collect$$rtentry$$0000000A)
    __rt_entry_postsh_1                      0x080001b7   Thumb Code     0  __rtentry2.o(.ARM.Collect$$rtentry$$00000009)
    __rt_entry_main                          0x080001bb   Thumb Code     0  __rtentry2.o(.ARM.Collect$$rtentry$$0000000D)
    __rt_entry_postli_1                      0x080001bb   Thumb Code     0  __rtentry2.o(.ARM.Collect$$rtentry$$0000000C)
    __rt_exit                                0x080001c3   Thumb Code     0  rtexit.o(.ARM.Collect$$rtexit$$00000000)
    __rt_exit_ls                             0x080001c5   Thumb Code     0  rtexit2.o(.ARM.Collect$$rtexit$$00000003)
    __rt_exit_prels_1                        0x080001c5   Thumb Code     0  rtexit2.o(.ARM.Collect$$rtexit$$00000002)
    __rt_exit_exit                           0x080001c9   Thumb Code     0  rtexit2.o(.ARM.Collect$$rtexit$$00000004)
    NMI_Handler                              0x080001cf   Thumb Code     2  stm32f10x_it.o(.text)
    HardFault_Handler                        0x080001d1   Thumb Code     4  stm32f10x_it.o(.text)
    MemManage_Handler                        0x080001d5   Thumb Code     4  stm32f10x_it.o(.text)
    BusFault_Handler                         0x080001d9   Thumb Code     4  stm32f10x_it.o(.text)
    UsageFault_Handler                       0x080001dd   Thumb Code     4  stm32f10x_it.o(.text)
    SVC_Handler                              0x080001e1   Thumb Code     2  stm32f10x_it.o(.text)
    DebugMon_Handler                         0x080001e3   Thumb Code     2  stm32f10x_it.o(.text)
    PendSV_Handler                           0x080001e5   Thumb Code     2  stm32f10x_it.o(.text)
    SysTick_Handler                          0x080001e7   Thumb Code     2  stm32f10x_it.o(.text)
    OutIOInit                                0x080001e9   Thumb Code    50  main.o(.text)
    Init                                     0x0800021b   Thumb Code    20  main.o(.text)
    Send_Start                               0x0800022f   Thumb Code    52  main.o(.text)
    Send_Num                                 0x08000263   Thumb Code   164  main.o(.text)
    Keyboard_Input                           0x08000307   Thumb Code   170  main.o(.text)
    main                                     0x080003b1   Thumb Code    50  main.o(.text)
    Reset_Handler                            0x08000425   Thumb Code     8  startup_stm32f10x_md.o(.text)
    ADC1_2_IRQHandler                        0x0800043f   Thumb Code     0  startup_stm32f10x_md.o(.text)
    CAN1_RX1_IRQHandler                      0x0800043f   Thumb Code     0  startup_stm32f10x_md.o(.text)
    CAN1_SCE_IRQHandler                      0x0800043f   Thumb Code     0  startup_stm32f10x_md.o(.text)
    DMA1_Channel1_IRQHandler                 0x0800043f   Thumb Code     0  startup_stm32f10x_md.o(.text)
    DMA1_Channel2_IRQHandler                 0x0800043f   Thumb Code     0  startup_stm32f10x_md.o(.text)
    DMA1_Channel3_IRQHandler                 0x0800043f   Thumb Code     0  startup_stm32f10x_md.o(.text)
    DMA1_Channel4_IRQHandler                 0x0800043f   Thumb Code     0  startup_stm32f10x_md.o(.text)
    DMA1_Channel5_IRQHandler                 0x0800043f   Thumb Code     0  startup_stm32f10x_md.o(.text)
    DMA1_Channel6_IRQHandler                 0x0800043f   Thumb Code     0  startup_stm32f10x_md.o(.text)
    DMA1_Channel7_IRQHandler                 0x0800043f   Thumb Code     0  startup_stm32f10x_md.o(.text)
    EXTI0_IRQHandler                         0x0800043f   Thumb Code     0  startup_stm32f10x_md.o(.text)
    EXTI15_10_IRQHandler                     0x0800043f   Thumb Code     0  startup_stm32f10x_md.o(.text)
    EXTI1_IRQHandler                         0x0800043f   Thumb Code     0  startup_stm32f10x_md.o(.text)
    EXTI3_IRQHandler                         0x0800043f   Thumb Code     0  startup_stm32f10x_md.o(.text)
    EXTI4_IRQHandler                         0x0800043f   Thumb Code     0  startup_stm32f10x_md.o(.text)
    EXTI9_5_IRQHandler                       0x0800043f   Thumb Code     0  startup_stm32f10x_md.o(.text)
    FLASH_IRQHandler                         0x0800043f   Thumb Code     0  startup_stm32f10x_md.o(.text)
    I2C1_ER_IRQHandler                       0x0800043f   Thumb Code     0  startup_stm32f10x_md.o(.text)
    I2C1_EV_IRQHandler                       0x0800043f   Thumb Code     0  startup_stm32f10x_md.o(.text)
    I2C2_ER_IRQHandler                       0x0800043f   Thumb Code     0  startup_stm32f10x_md.o(.text)
    I2C2_EV_IRQHandler                       0x0800043f   Thumb Code     0  startup_stm32f10x_md.o(.text)
    PVD_IRQHandler                           0x0800043f   Thumb Code     0  startup_stm32f10x_md.o(.text)
    RCC_IRQHandler                           0x0800043f   Thumb Code     0  startup_stm32f10x_md.o(.text)
    RTCAlarm_IRQHandler                      0x0800043f   Thumb Code     0  startup_stm32f10x_md.o(.text)
    RTC_IRQHandler                           0x0800043f   Thumb Code     0  startup_stm32f10x_md.o(.text)
    SPI1_IRQHandler                          0x0800043f   Thumb Code     0  startup_stm32f10x_md.o(.text)
    SPI2_IRQHandler                          0x0800043f   Thumb Code     0  startup_stm32f10x_md.o(.text)
    TAMPER_IRQHandler                        0x0800043f   Thumb Code     0  startup_stm32f10x_md.o(.text)
    TIM1_BRK_IRQHandler                      0x0800043f   Thumb Code     0  startup_stm32f10x_md.o(.text)
    TIM1_CC_IRQHandler                       0x0800043f   Thumb Code     0  startup_stm32f10x_md.o(.text)
    TIM1_TRG_COM_IRQHandler                  0x0800043f   Thumb Code     0  startup_stm32f10x_md.o(.text)
    TIM1_UP_IRQHandler                       0x0800043f   Thumb Code     0  startup_stm32f10x_md.o(.text)
    TIM2_IRQHandler                          0x0800043f   Thumb Code     0  startup_stm32f10x_md.o(.text)
    USART2_IRQHandler                        0x0800043f   Thumb Code     0  startup_stm32f10x_md.o(.text)
    USART3_IRQHandler                        0x0800043f   Thumb Code     0  startup_stm32f10x_md.o(.text)
    USBWakeUp_IRQHandler                     0x0800043f   Thumb Code     0  startup_stm32f10x_md.o(.text)
    USB_HP_CAN1_TX_IRQHandler                0x0800043f   Thumb Code     0  startup_stm32f10x_md.o(.text)
    USB_LP_CAN1_RX0_IRQHandler               0x0800043f   Thumb Code     0  startup_stm32f10x_md.o(.text)
    WWDG_IRQHandler                          0x0800043f   Thumb Code     0  startup_stm32f10x_md.o(.text)
    __user_initial_stackheap                 0x08000441   Thumb Code     0  startup_stm32f10x_md.o(.text)
    LCD_GPIO_Init                            0x08000465   Thumb Code    40  lcd_driver.o(.text)
    SPI_WriteData                            0x0800048d   Thumb Code    62  lcd_driver.o(.text)
    Lcd_WriteIndex                           0x080004cb   Thumb Code    36  lcd_driver.o(.text)
    Lcd_WriteData                            0x080004ef   Thumb Code    38  lcd_driver.o(.text)
    LCD_WriteData_16Bit                      0x08000515   Thumb Code    44  lcd_driver.o(.text)
    Lcd_WriteReg                             0x08000541   Thumb Code    20  lcd_driver.o(.text)
    Lcd_Reset                                0x08000555   Thumb Code    36  lcd_driver.o(.text)
    Lcd_SetRegion                            0x08000579   Thumb Code    86  lcd_driver.o(.text)
    Lcd_Clear                                0x080005cf   Thumb Code    50  lcd_driver.o(.text)
    Lcd_Init                                 0x08000601   Thumb Code   554  lcd_driver.o(.text)
    Lcd_SetXY                                0x0800082b   Thumb Code    20  lcd_driver.o(.text)
    Gui_DrawPoint                            0x0800083f   Thumb Code    32  lcd_driver.o(.text)
    Lcd_ReadPoint                            0x0800085f   Thumb Code    30  lcd_driver.o(.text)
    LCD_BGR2RGB                              0x0800087d   Thumb Code    28  lcd_driver.o(.text)
    LCD_P6x8Char                             0x08000899   Thumb Code   124  lcd_driver.o(.text)
    LCD_P6x8Str                              0x08000915   Thumb Code   144  lcd_driver.o(.text)
    LCD_P8x16Char                            0x080009a5   Thumb Code   120  lcd_driver.o(.text)
    LCD_P8x16Str                             0x08000a1d   Thumb Code   142  lcd_driver.o(.text)
    LCD_P6x8Value                            0x08000aab   Thumb Code   650  lcd_driver.o(.text)
    LCD_P8x16Value                           0x08000d35   Thumb Code   626  lcd_driver.o(.text)
    LCD_ClearImage                           0x08000fa7   Thumb Code    64  lcd_driver.o(.text)
    Encoder_Init                             0x08000ff5   Thumb Code    76  exti.o(.text)
    EXTI2_IRQHandler                         0x08001041   Thumb Code    40  exti.o(.text)
    TIM4_Init                                0x08001071   Thumb Code    90  timer.o(.text)
    TIM4_IRQHandler                          0x080010cb   Thumb Code    22  timer.o(.text)
    TIM3_Init                                0x080010e1   Thumb Code    88  timer.o(.text)
    TIM3_IRQHandler                          0x08001139   Thumb Code    24  timer.o(.text)
    Key_Init                                 0x08001159   Thumb Code    64  keyboard.o(.text)
    Key_Scan                                 0x08001199   Thumb Code   336  keyboard.o(.text)
    Key_Input                                0x080012e9   Thumb Code    94  keyboard.o(.text)
    SystemInit                               0x0800142f   Thumb Code    78  system_stm32f10x.o(.text)
    SystemCoreClockUpdate                    0x0800147d   Thumb Code   142  system_stm32f10x.o(.text)
    NVIC_PriorityGroupConfig                 0x08001531   Thumb Code    10  misc.o(.text)
    NVIC_Init                                0x0800153b   Thumb Code   100  misc.o(.text)
    NVIC_SetVectorTable                      0x0800159f   Thumb Code    14  misc.o(.text)
    NVIC_SystemLPConfig                      0x080015ad   Thumb Code    34  misc.o(.text)
    SysTick_CLKSourceConfig                  0x080015cf   Thumb Code    40  misc.o(.text)
    EXTI_DeInit                              0x0800160d   Thumb Code    28  stm32f10x_exti.o(.text)
    EXTI_Init                                0x08001629   Thumb Code   142  stm32f10x_exti.o(.text)
    EXTI_StructInit                          0x080016b7   Thumb Code    16  stm32f10x_exti.o(.text)
    EXTI_GenerateSWInterrupt                 0x080016c7   Thumb Code    16  stm32f10x_exti.o(.text)
    EXTI_GetFlagStatus                       0x080016d7   Thumb Code    22  stm32f10x_exti.o(.text)
    EXTI_ClearFlag                           0x080016ed   Thumb Code     8  stm32f10x_exti.o(.text)
    EXTI_GetITStatus                         0x080016f5   Thumb Code    34  stm32f10x_exti.o(.text)
    EXTI_ClearITPendingBit                   0x08001717   Thumb Code     8  stm32f10x_exti.o(.text)
    GPIO_DeInit                              0x08001729   Thumb Code   172  stm32f10x_gpio.o(.text)
    GPIO_AFIODeInit                          0x080017d5   Thumb Code    20  stm32f10x_gpio.o(.text)
    GPIO_Init                                0x080017e9   Thumb Code   278  stm32f10x_gpio.o(.text)
    GPIO_StructInit                          0x080018ff   Thumb Code    16  stm32f10x_gpio.o(.text)
    GPIO_ReadInputDataBit                    0x0800190f   Thumb Code    18  stm32f10x_gpio.o(.text)
    GPIO_ReadInputData                       0x08001921   Thumb Code     8  stm32f10x_gpio.o(.text)
    GPIO_ReadOutputDataBit                   0x08001929   Thumb Code    18  stm32f10x_gpio.o(.text)
    GPIO_ReadOutputData                      0x0800193b   Thumb Code     8  stm32f10x_gpio.o(.text)
    GPIO_SetBits                             0x08001943   Thumb Code     4  stm32f10x_gpio.o(.text)
    GPIO_ResetBits                           0x08001947   Thumb Code     4  stm32f10x_gpio.o(.text)
    GPIO_WriteBit                            0x0800194b   Thumb Code    10  stm32f10x_gpio.o(.text)
    GPIO_Write                               0x08001955   Thumb Code     4  stm32f10x_gpio.o(.text)
    GPIO_PinLockConfig                       0x08001959   Thumb Code    18  stm32f10x_gpio.o(.text)
    GPIO_EventOutputConfig                   0x0800196b   Thumb Code    26  stm32f10x_gpio.o(.text)
    GPIO_EventOutputCmd                      0x08001985   Thumb Code     6  stm32f10x_gpio.o(.text)
    GPIO_PinRemapConfig                      0x0800198b   Thumb Code   138  stm32f10x_gpio.o(.text)
    GPIO_EXTILineConfig                      0x08001a15   Thumb Code    66  stm32f10x_gpio.o(.text)
    GPIO_ETH_MediaInterfaceConfig            0x08001a57   Thumb Code     8  stm32f10x_gpio.o(.text)
    RCC_DeInit                               0x08001a85   Thumb Code    64  stm32f10x_rcc.o(.text)
    RCC_HSEConfig                            0x08001ac5   Thumb Code    70  stm32f10x_rcc.o(.text)
    RCC_GetFlagStatus                        0x08001b0b   Thumb Code    56  stm32f10x_rcc.o(.text)
    RCC_WaitForHSEStartUp                    0x08001b43   Thumb Code    56  stm32f10x_rcc.o(.text)
    RCC_AdjustHSICalibrationValue            0x08001b7b   Thumb Code    20  stm32f10x_rcc.o(.text)
    RCC_HSICmd                               0x08001b8f   Thumb Code     6  stm32f10x_rcc.o(.text)
    RCC_PLLConfig                            0x08001b95   Thumb Code    24  stm32f10x_rcc.o(.text)
    RCC_PLLCmd                               0x08001bad   Thumb Code     6  stm32f10x_rcc.o(.text)
    RCC_SYSCLKConfig                         0x08001bb3   Thumb Code    18  stm32f10x_rcc.o(.text)
    RCC_GetSYSCLKSource                      0x08001bc5   Thumb Code    10  stm32f10x_rcc.o(.text)
    RCC_HCLKConfig                           0x08001bcf   Thumb Code    18  stm32f10x_rcc.o(.text)
    RCC_PCLK1Config                          0x08001be1   Thumb Code    18  stm32f10x_rcc.o(.text)
    RCC_PCLK2Config                          0x08001bf3   Thumb Code    20  stm32f10x_rcc.o(.text)
    RCC_ITConfig                             0x08001c07   Thumb Code    26  stm32f10x_rcc.o(.text)
    RCC_USBCLKConfig                         0x08001c21   Thumb Code     8  stm32f10x_rcc.o(.text)
    RCC_ADCCLKConfig                         0x08001c29   Thumb Code    18  stm32f10x_rcc.o(.text)
    RCC_LSEConfig                            0x08001c3b   Thumb Code    50  stm32f10x_rcc.o(.text)
    RCC_LSICmd                               0x08001c6d   Thumb Code     6  stm32f10x_rcc.o(.text)
    RCC_RTCCLKConfig                         0x08001c73   Thumb Code    12  stm32f10x_rcc.o(.text)
    RCC_RTCCLKCmd                            0x08001c7f   Thumb Code     8  stm32f10x_rcc.o(.text)
    RCC_GetClocksFreq                        0x08001c87   Thumb Code   192  stm32f10x_rcc.o(.text)
    RCC_AHBPeriphClockCmd                    0x08001d47   Thumb Code    26  stm32f10x_rcc.o(.text)
    RCC_APB2PeriphClockCmd                   0x08001d61   Thumb Code    26  stm32f10x_rcc.o(.text)
    RCC_APB1PeriphClockCmd                   0x08001d7b   Thumb Code    26  stm32f10x_rcc.o(.text)
    RCC_APB2PeriphResetCmd                   0x08001d95   Thumb Code    26  stm32f10x_rcc.o(.text)
    RCC_APB1PeriphResetCmd                   0x08001daf   Thumb Code    26  stm32f10x_rcc.o(.text)
    RCC_BackupResetCmd                       0x08001dc9   Thumb Code     8  stm32f10x_rcc.o(.text)
    RCC_ClockSecuritySystemCmd               0x08001dd1   Thumb Code     6  stm32f10x_rcc.o(.text)
    RCC_MCOConfig                            0x08001dd7   Thumb Code     6  stm32f10x_rcc.o(.text)
    RCC_ClearFlag                            0x08001ddd   Thumb Code    14  stm32f10x_rcc.o(.text)
    RCC_GetITStatus                          0x08001deb   Thumb Code    20  stm32f10x_rcc.o(.text)
    RCC_ClearITPendingBit                    0x08001dff   Thumb Code     6  stm32f10x_rcc.o(.text)
    TIM_DeInit                               0x08001e29   Thumb Code   424  stm32f10x_tim.o(.text)
    TIM_TimeBaseInit                         0x08001fd1   Thumb Code   122  stm32f10x_tim.o(.text)
    TIM_OC1Init                              0x0800204b   Thumb Code   132  stm32f10x_tim.o(.text)
    TIM_OC2Init                              0x080020cf   Thumb Code   154  stm32f10x_tim.o(.text)
    TIM_OC3Init                              0x08002169   Thumb Code   150  stm32f10x_tim.o(.text)
    TIM_OC4Init                              0x080021ff   Thumb Code   182  stm32f10x_tim.o(.text)
    TIM_SetIC4Prescaler                      0x080022b5   Thumb Code    26  stm32f10x_tim.o(.text)
    TIM_SetIC3Prescaler                      0x08002351   Thumb Code    18  stm32f10x_tim.o(.text)
    TIM_SetIC2Prescaler                      0x080023dd   Thumb Code    26  stm32f10x_tim.o(.text)
    TIM_SetIC1Prescaler                      0x08002479   Thumb Code    18  stm32f10x_tim.o(.text)
    TIM_ICInit                               0x080024f7   Thumb Code   150  stm32f10x_tim.o(.text)
    TIM_PWMIConfig                           0x0800258d   Thumb Code   124  stm32f10x_tim.o(.text)
    TIM_BDTRConfig                           0x08002609   Thumb Code    32  stm32f10x_tim.o(.text)
    TIM_TimeBaseStructInit                   0x08002629   Thumb Code    18  stm32f10x_tim.o(.text)
    TIM_OCStructInit                         0x0800263b   Thumb Code    20  stm32f10x_tim.o(.text)
    TIM_ICStructInit                         0x0800264f   Thumb Code    18  stm32f10x_tim.o(.text)
    TIM_BDTRStructInit                       0x08002661   Thumb Code    40  stm32f10x_tim.o(.text)
    TIM_Cmd                                  0x08002689   Thumb Code    24  stm32f10x_tim.o(.text)
    TIM_CtrlPWMOutputs                       0x080026a1   Thumb Code    30  stm32f10x_tim.o(.text)
    TIM_ITConfig                             0x080026bf   Thumb Code    18  stm32f10x_tim.o(.text)
    TIM_GenerateEvent                        0x080026d1   Thumb Code     4  stm32f10x_tim.o(.text)
    TIM_DMAConfig                            0x080026d5   Thumb Code    10  stm32f10x_tim.o(.text)
    TIM_DMACmd                               0x080026df   Thumb Code    18  stm32f10x_tim.o(.text)
    TIM_InternalClockConfig                  0x080026f1   Thumb Code    12  stm32f10x_tim.o(.text)
    TIM_SelectInputTrigger                   0x080026fd   Thumb Code    18  stm32f10x_tim.o(.text)
    TIM_ITRxExternalClockConfig              0x0800270f   Thumb Code    24  stm32f10x_tim.o(.text)
    TIM_TIxExternalClockConfig               0x08002727   Thumb Code    62  stm32f10x_tim.o(.text)
    TIM_ETRConfig                            0x08002765   Thumb Code    28  stm32f10x_tim.o(.text)
    TIM_ETRClockMode1Config                  0x08002781   Thumb Code    54  stm32f10x_tim.o(.text)
    TIM_ETRClockMode2Config                  0x080027b7   Thumb Code    32  stm32f10x_tim.o(.text)
    TIM_PrescalerConfig                      0x080027d7   Thumb Code     6  stm32f10x_tim.o(.text)
    TIM_CounterModeConfig                    0x080027dd   Thumb Code    18  stm32f10x_tim.o(.text)
    TIM_EncoderInterfaceConfig               0x080027ef   Thumb Code    66  stm32f10x_tim.o(.text)
    TIM_ForcedOC1Config                      0x08002831   Thumb Code    18  stm32f10x_tim.o(.text)
    TIM_ForcedOC2Config                      0x08002843   Thumb Code    26  stm32f10x_tim.o(.text)
    TIM_ForcedOC3Config                      0x0800285d   Thumb Code    18  stm32f10x_tim.o(.text)
    TIM_ForcedOC4Config                      0x0800286f   Thumb Code    26  stm32f10x_tim.o(.text)
    TIM_ARRPreloadConfig                     0x08002889   Thumb Code    24  stm32f10x_tim.o(.text)
    TIM_SelectCOM                            0x080028a1   Thumb Code    24  stm32f10x_tim.o(.text)
    TIM_SelectCCDMA                          0x080028b9   Thumb Code    24  stm32f10x_tim.o(.text)
    TIM_CCPreloadControl                     0x080028d1   Thumb Code    24  stm32f10x_tim.o(.text)
    TIM_OC1PreloadConfig                     0x080028e9   Thumb Code    18  stm32f10x_tim.o(.text)
    TIM_OC2PreloadConfig                     0x080028fb   Thumb Code    26  stm32f10x_tim.o(.text)
    TIM_OC3PreloadConfig                     0x08002915   Thumb Code    18  stm32f10x_tim.o(.text)
    TIM_OC4PreloadConfig                     0x08002927   Thumb Code    26  stm32f10x_tim.o(.text)
    TIM_OC1FastConfig                        0x08002941   Thumb Code    18  stm32f10x_tim.o(.text)
    TIM_OC2FastConfig                        0x08002953   Thumb Code    26  stm32f10x_tim.o(.text)
    TIM_OC3FastConfig                        0x0800296d   Thumb Code    18  stm32f10x_tim.o(.text)
    TIM_OC4FastConfig                        0x0800297f   Thumb Code    26  stm32f10x_tim.o(.text)
    TIM_ClearOC1Ref                          0x08002999   Thumb Code    18  stm32f10x_tim.o(.text)
    TIM_ClearOC2Ref                          0x080029ab   Thumb Code    24  stm32f10x_tim.o(.text)
    TIM_ClearOC3Ref                          0x080029c3   Thumb Code    18  stm32f10x_tim.o(.text)
    TIM_ClearOC4Ref                          0x080029d5   Thumb Code    24  stm32f10x_tim.o(.text)
    TIM_OC1PolarityConfig                    0x080029ed   Thumb Code    18  stm32f10x_tim.o(.text)
    TIM_OC1NPolarityConfig                   0x080029ff   Thumb Code    18  stm32f10x_tim.o(.text)
    TIM_OC2PolarityConfig                    0x08002a11   Thumb Code    26  stm32f10x_tim.o(.text)
    TIM_OC2NPolarityConfig                   0x08002a2b   Thumb Code    26  stm32f10x_tim.o(.text)
    TIM_OC3PolarityConfig                    0x08002a45   Thumb Code    26  stm32f10x_tim.o(.text)
    TIM_OC3NPolarityConfig                   0x08002a5f   Thumb Code    26  stm32f10x_tim.o(.text)
    TIM_OC4PolarityConfig                    0x08002a79   Thumb Code    26  stm32f10x_tim.o(.text)
    TIM_CCxCmd                               0x08002a93   Thumb Code    30  stm32f10x_tim.o(.text)
    TIM_CCxNCmd                              0x08002ab1   Thumb Code    30  stm32f10x_tim.o(.text)
    TIM_SelectOCxM                           0x08002acf   Thumb Code    82  stm32f10x_tim.o(.text)
    TIM_UpdateDisableConfig                  0x08002b21   Thumb Code    24  stm32f10x_tim.o(.text)
    TIM_UpdateRequestConfig                  0x08002b39   Thumb Code    24  stm32f10x_tim.o(.text)
    TIM_SelectHallSensor                     0x08002b51   Thumb Code    24  stm32f10x_tim.o(.text)
    TIM_SelectOnePulseMode                   0x08002b69   Thumb Code    18  stm32f10x_tim.o(.text)
    TIM_SelectOutputTrigger                  0x08002b7b   Thumb Code    18  stm32f10x_tim.o(.text)
    TIM_SelectSlaveMode                      0x08002b8d   Thumb Code    18  stm32f10x_tim.o(.text)
    TIM_SelectMasterSlaveMode                0x08002b9f   Thumb Code    18  stm32f10x_tim.o(.text)
    TIM_SetCounter                           0x08002bb1   Thumb Code     4  stm32f10x_tim.o(.text)
    TIM_SetAutoreload                        0x08002bb5   Thumb Code     4  stm32f10x_tim.o(.text)
    TIM_SetCompare1                          0x08002bb9   Thumb Code     4  stm32f10x_tim.o(.text)
    TIM_SetCompare2                          0x08002bbd   Thumb Code     4  stm32f10x_tim.o(.text)
    TIM_SetCompare3                          0x08002bc1   Thumb Code     4  stm32f10x_tim.o(.text)
    TIM_SetCompare4                          0x08002bc5   Thumb Code     6  stm32f10x_tim.o(.text)
    TIM_SetClockDivision                     0x08002bcb   Thumb Code    18  stm32f10x_tim.o(.text)
    TIM_GetCapture1                          0x08002bdd   Thumb Code     6  stm32f10x_tim.o(.text)
    TIM_GetCapture2                          0x08002be3   Thumb Code     6  stm32f10x_tim.o(.text)
    TIM_GetCapture3                          0x08002be9   Thumb Code     6  stm32f10x_tim.o(.text)
    TIM_GetCapture4                          0x08002bef   Thumb Code     8  stm32f10x_tim.o(.text)
    TIM_GetCounter                           0x08002bf7   Thumb Code     6  stm32f10x_tim.o(.text)
    TIM_GetPrescaler                         0x08002bfd   Thumb Code     6  stm32f10x_tim.o(.text)
    TIM_GetFlagStatus                        0x08002c03   Thumb Code    18  stm32f10x_tim.o(.text)
    TIM_ClearFlag                            0x08002c15   Thumb Code     6  stm32f10x_tim.o(.text)
    TIM_GetITStatus                          0x08002c1b   Thumb Code    34  stm32f10x_tim.o(.text)
    TIM_ClearITPendingBit                    0x08002c3d   Thumb Code     6  stm32f10x_tim.o(.text)
    USART_DeInit                             0x08002c45   Thumb Code   134  stm32f10x_usart.o(.text)
    USART_Init                               0x08002ccb   Thumb Code   210  stm32f10x_usart.o(.text)
    USART_StructInit                         0x08002d9d   Thumb Code    24  stm32f10x_usart.o(.text)
    USART_ClockInit                          0x08002db5   Thumb Code    34  stm32f10x_usart.o(.text)
    USART_ClockStructInit                    0x08002dd7   Thumb Code    12  stm32f10x_usart.o(.text)
    USART_Cmd                                0x08002de3   Thumb Code    24  stm32f10x_usart.o(.text)
    USART_ITConfig                           0x08002dfb   Thumb Code    74  stm32f10x_usart.o(.text)
    USART_DMACmd                             0x08002e45   Thumb Code    18  stm32f10x_usart.o(.text)
    USART_SetAddress                         0x08002e57   Thumb Code    18  stm32f10x_usart.o(.text)
    USART_WakeUpConfig                       0x08002e69   Thumb Code    18  stm32f10x_usart.o(.text)
    USART_ReceiverWakeUpCmd                  0x08002e7b   Thumb Code    24  stm32f10x_usart.o(.text)
    USART_LINBreakDetectLengthConfig         0x08002e93   Thumb Code    18  stm32f10x_usart.o(.text)
    USART_LINCmd                             0x08002ea5   Thumb Code    24  stm32f10x_usart.o(.text)
    USART_SendData                           0x08002ebd   Thumb Code     8  stm32f10x_usart.o(.text)
    USART_ReceiveData                        0x08002ec5   Thumb Code    10  stm32f10x_usart.o(.text)
    USART_SendBreak                          0x08002ecf   Thumb Code    10  stm32f10x_usart.o(.text)
    USART_SetGuardTime                       0x08002ed9   Thumb Code    16  stm32f10x_usart.o(.text)
    USART_SetPrescaler                       0x08002ee9   Thumb Code    16  stm32f10x_usart.o(.text)
    USART_SmartCardCmd                       0x08002ef9   Thumb Code    24  stm32f10x_usart.o(.text)
    USART_SmartCardNACKCmd                   0x08002f11   Thumb Code    24  stm32f10x_usart.o(.text)
    USART_HalfDuplexCmd                      0x08002f29   Thumb Code    24  stm32f10x_usart.o(.text)
    USART_OverSampling8Cmd                   0x08002f41   Thumb Code    22  stm32f10x_usart.o(.text)
    USART_OneBitMethodCmd                    0x08002f57   Thumb Code    24  stm32f10x_usart.o(.text)
    USART_IrDAConfig                         0x08002f6f   Thumb Code    18  stm32f10x_usart.o(.text)
    USART_IrDACmd                            0x08002f81   Thumb Code    24  stm32f10x_usart.o(.text)
    USART_GetFlagStatus                      0x08002f99   Thumb Code    26  stm32f10x_usart.o(.text)
    USART_ClearFlag                          0x08002fb3   Thumb Code    18  stm32f10x_usart.o(.text)
    USART_GetITStatus                        0x08002fc5   Thumb Code    84  stm32f10x_usart.o(.text)
    USART_ClearITPendingBit                  0x08003019   Thumb Code    52  stm32f10x_usart.o(.text)
    delay_init                               0x0800304d   Thumb Code    50  delay.o(.text)
    delay_us                                 0x0800307f   Thumb Code    72  delay.o(.text)
    delay_ms                                 0x080030c7   Thumb Code    72  delay.o(.text)
    uart_init                                0x08003121   Thumb Code   152  usart.o(.text)
    USART1_PrintI                            0x080031b9   Thumb Code   178  usart.o(.text)
    USART1_PrintF                            0x0800326b   Thumb Code   390  usart.o(.text)
    USART1_IRQHandler                        0x080033f1   Thumb Code    26  usart.o(.text)
    __use_two_region_memory                  0x0800341d   Thumb Code     2  heapauxi.o(.text)
    __rt_heap_escrow$2region                 0x0800341f   Thumb Code     2  heapauxi.o(.text)
    __rt_heap_expand$2region                 0x08003421   Thumb Code     2  heapauxi.o(.text)
    __read_errno                             0x08003423   Thumb Code    10  _rserrno.o(.text)
    __set_errno                              0x0800342d   Thumb Code    12  _rserrno.o(.text)
    __aeabi_errno_addr                       0x08003439   Thumb Code     8  rt_errno_addr_intlibspace.o(.text)
    __errno$intlibspace                      0x08003439   Thumb Code     0  rt_errno_addr_intlibspace.o(.text)
    __rt_errno_addr$intlibspace              0x08003439   Thumb Code     0  rt_errno_addr_intlibspace.o(.text)
    __user_libspace                          0x08003441   Thumb Code     8  libspace.o(.text)
    __user_perproc_libspace                  0x08003441   Thumb Code     0  libspace.o(.text)
    __user_perthread_libspace                0x08003441   Thumb Code     0  libspace.o(.text)
    __user_setup_stackheap                   0x08003449   Thumb Code    74  sys_stackheap_outer.o(.text)
    exit                                     0x08003493   Thumb Code    18  exit.o(.text)
    _sys_exit                                0x080034a5   Thumb Code     8  sys_exit.o(.text)
    __I$use$semihosting                      0x080034b1   Thumb Code     0  use_no_semi.o(.text)
    __use_no_semihosting_swi                 0x080034b1   Thumb Code     2  use_no_semi.o(.text)
    __ARM_fpclassify                         0x080034b3   Thumb Code    40  fpclassify.o(i.__ARM_fpclassify)
    __semihosting_library_function           0x080034b3   Thumb Code     0  indicate_semi.o(.text)
    __kernel_poly                            0x080034db   Thumb Code   170  poly.o(i.__kernel_poly)
    __mathlib_dbl_divzero                    0x08003585   Thumb Code    12  dunder.o(i.__mathlib_dbl_divzero)
    __mathlib_dbl_infnan2                    0x08003595   Thumb Code     4  dunder.o(i.__mathlib_dbl_infnan2)
    __mathlib_dbl_invalid                    0x08003599   Thumb Code    12  dunder.o(i.__mathlib_dbl_invalid)
    __mathlib_dbl_overflow                   0x080035a5   Thumb Code    14  dunder.o(i.__mathlib_dbl_overflow)
    __mathlib_dbl_underflow                  0x080035b5   Thumb Code    10  dunder.o(i.__mathlib_dbl_underflow)
    pow                                      0x080035c5   Thumb Code  2512  pow.o(i.pow)
    sqrt                                     0x08003f9d   Thumb Code    76  sqrt.o(i.sqrt)
    __aeabi_dadd                             0x08003fe9   Thumb Code     0  daddsub_clz.o(x$fpl$dadd)
    _dadd                                    0x08003fe9   Thumb Code   332  daddsub_clz.o(x$fpl$dadd)
    __fpl_dcheck_NaN1                        0x08004139   Thumb Code    10  dcheck1.o(x$fpl$dcheck1)
    __fpl_dcmp_Inf                           0x08004149   Thumb Code    24  dcmpi.o(x$fpl$dcmpinf)
    __aeabi_ddiv                             0x08004161   Thumb Code     0  ddiv.o(x$fpl$ddiv)
    _ddiv                                    0x08004161   Thumb Code   552  ddiv.o(x$fpl$ddiv)
    __aeabi_cdcmpeq                          0x08004411   Thumb Code     0  deqf.o(x$fpl$deqf)
    _dcmpeq                                  0x08004411   Thumb Code   120  deqf.o(x$fpl$deqf)
    __aeabi_d2iz                             0x08004489   Thumb Code     0  dfix.o(x$fpl$dfix)
    _dfix                                    0x08004489   Thumb Code    94  dfix.o(x$fpl$dfix)
    __aeabi_i2d                              0x080044e7   Thumb Code     0  dflt_clz.o(x$fpl$dflt)
    _dflt                                    0x080044e7   Thumb Code    46  dflt_clz.o(x$fpl$dflt)
    __aeabi_ui2d                             0x08004515   Thumb Code     0  dflt_clz.o(x$fpl$dfltu)
    _dfltu                                   0x08004515   Thumb Code    38  dflt_clz.o(x$fpl$dfltu)
    __aeabi_cdcmple                          0x0800453d   Thumb Code     0  dleqf.o(x$fpl$dleqf)
    _dcmple                                  0x0800453d   Thumb Code   120  dleqf.o(x$fpl$dleqf)
    __fpl_dcmple_InfNaN                      0x0800459f   Thumb Code     0  dleqf.o(x$fpl$dleqf)
    __aeabi_dmul                             0x080045b5   Thumb Code     0  dmul.o(x$fpl$dmul)
    _dmul                                    0x080045b5   Thumb Code   332  dmul.o(x$fpl$dmul)
    __fpl_dnaninf                            0x08004709   Thumb Code   156  dnaninf.o(x$fpl$dnaninf)
    __fpl_dretinf                            0x080047a5   Thumb Code    12  dretinf.o(x$fpl$dretinf)
    __aeabi_cdrcmple                         0x080047b1   Thumb Code     0  drleqf.o(x$fpl$drleqf)
    _drcmple                                 0x080047b1   Thumb Code   108  drleqf.o(x$fpl$drleqf)
    __aeabi_drsub                            0x0800481d   Thumb Code     0  daddsub_clz.o(x$fpl$drsb)
    _drsb                                    0x0800481d   Thumb Code    22  daddsub_clz.o(x$fpl$drsb)
    _dsqrt                                   0x08004835   Thumb Code   456  dsqrt_noumaal.o(x$fpl$dsqrt)
    __aeabi_dsub                             0x08004a01   Thumb Code     0  daddsub_clz.o(x$fpl$dsub)
    _dsub                                    0x08004a01   Thumb Code   464  daddsub_clz.o(x$fpl$dsub)
    __fpl_return_NaN                         0x08004bd5   Thumb Code   100  retnan.o(x$fpl$retnan)
    __ARM_scalbn                             0x08004c39   Thumb Code    92  scalbn.o(x$fpl$scalbn)
    __fpl_cmpreturn                          0x08004c95   Thumb Code    48  trapv.o(x$fpl$trapveneer)
    Font6x8                                  0x08004cc4   Data         552  lcd_driver.o(.constdata)
    __I$use$fp                               0x08004cc4   Number         0  usenofp.o(x$fpl$usenofp)
    Font16x8                                 0x08004eec   Data        1520  lcd_driver.o(.constdata)
    __mathlib_zero                           0x08005568   Data           8  qnan.o(.constdata)
    Region$$Table$$Base                      0x08005570   Number         0  anon$$obj.o(Region$$Table)
    Region$$Table$$Limit                     0x08005590   Number         0  anon$$obj.o(Region$$Table)
    num                                      0x20000000   Data           4  main.o(.data)
    Image                                    0x20000004   Data       12800  lcd_driver.o(.data)
    encoder                                  0x2000320c   Data           4  exti.o(.data)
    SystemCoreClock                          0x20003210   Data           4  system_stm32f10x.o(.data)
    AHBPrescTable                            0x20003214   Data          16  system_stm32f10x.o(.data)
    Res                                      0x2000323c   Data           1  usart.o(.data)
    __libspace_start                         0x20003240   Data          96  libspace.o(.bss)
    __temporary_stack_top$libspace           0x200032a0   Data           0  libspace.o(.bss)



==============================================================================

Memory Map of the image

  Image Entry point : 0x080000ed

  Load Region LR_IROM1 (Base: 0x08000000, Size: 0x000087d0, Max: 0x00020000, ABSOLUTE, COMPRESSED[0x00006470])

    Execution Region ER_IROM1 (Exec base: 0x08000000, Load base: 0x08000000, Size: 0x00005590, Max: 0x00020000, ABSOLUTE)

    Exec Addr    Load Addr    Size         Type   Attr      Idx    E Section Name        Object

    0x08000000   0x08000000   0x000000ec   Data   RO           94    RESET               startup_stm32f10x_md.o
    0x080000ec   0x080000ec   0x00000008   Code   RO          331  * !!!main             c_w.l(__main.o)
    0x080000f4   0x080000f4   0x00000034   Code   RO          579    !!!scatter          c_w.l(__scatter.o)
    0x08000128   0x08000128   0x00000064   Code   RO          577    !!dclz77c           c_w.l(__dclz77c.o)
    0x0800018c   0x0800018c   0x0000001c   Code   RO          581    !!handler_zi        c_w.l(__scatter_zi.o)
    0x080001a8   0x080001a8   0x00000002   Code   RO          446    .ARM.Collect$$libinit$$00000000  c_w.l(libinit.o)
    0x080001aa   0x080001aa   0x00000000   Code   RO          452    .ARM.Collect$$libinit$$00000002  c_w.l(libinit2.o)
    0x080001aa   0x080001aa   0x00000000   Code   RO          454    .ARM.Collect$$libinit$$00000004  c_w.l(libinit2.o)
    0x080001aa   0x080001aa   0x00000000   Code   RO          457    .ARM.Collect$$libinit$$0000000A  c_w.l(libinit2.o)
    0x080001aa   0x080001aa   0x00000000   Code   RO          459    .ARM.Collect$$libinit$$0000000C  c_w.l(libinit2.o)
    0x080001aa   0x080001aa   0x00000000   Code   RO          461    .ARM.Collect$$libinit$$0000000E  c_w.l(libinit2.o)
    0x080001aa   0x080001aa   0x00000000   Code   RO          464    .ARM.Collect$$libinit$$00000011  c_w.l(libinit2.o)
    0x080001aa   0x080001aa   0x00000000   Code   RO          466    .ARM.Collect$$libinit$$00000013  c_w.l(libinit2.o)
    0x080001aa   0x080001aa   0x00000000   Code   RO          468    .ARM.Collect$$libinit$$00000015  c_w.l(libinit2.o)
    0x080001aa   0x080001aa   0x00000000   Code   RO          470    .ARM.Collect$$libinit$$00000017  c_w.l(libinit2.o)
    0x080001aa   0x080001aa   0x00000000   Code   RO          472    .ARM.Collect$$libinit$$00000019  c_w.l(libinit2.o)
    0x080001aa   0x080001aa   0x00000000   Code   RO          474    .ARM.Collect$$libinit$$0000001B  c_w.l(libinit2.o)
    0x080001aa   0x080001aa   0x00000000   Code   RO          476    .ARM.Collect$$libinit$$0000001D  c_w.l(libinit2.o)
    0x080001aa   0x080001aa   0x00000000   Code   RO          478    .ARM.Collect$$libinit$$0000001F  c_w.l(libinit2.o)
    0x080001aa   0x080001aa   0x00000000   Code   RO          480    .ARM.Collect$$libinit$$00000021  c_w.l(libinit2.o)
    0x080001aa   0x080001aa   0x00000000   Code   RO          482    .ARM.Collect$$libinit$$00000023  c_w.l(libinit2.o)
    0x080001aa   0x080001aa   0x00000000   Code   RO          484    .ARM.Collect$$libinit$$00000025  c_w.l(libinit2.o)
    0x080001aa   0x080001aa   0x00000000   Code   RO          488    .ARM.Collect$$libinit$$0000002C  c_w.l(libinit2.o)
    0x080001aa   0x080001aa   0x00000000   Code   RO          490    .ARM.Collect$$libinit$$0000002E  c_w.l(libinit2.o)
    0x080001aa   0x080001aa   0x00000000   Code   RO          492    .ARM.Collect$$libinit$$00000030  c_w.l(libinit2.o)
    0x080001aa   0x080001aa   0x00000000   Code   RO          494    .ARM.Collect$$libinit$$00000032  c_w.l(libinit2.o)
    0x080001aa   0x080001aa   0x00000002   Code   RO          495    .ARM.Collect$$libinit$$00000033  c_w.l(libinit2.o)
    0x080001ac   0x080001ac   0x00000002   Code   RO          517    .ARM.Collect$$libshutdown$$00000000  c_w.l(libshutdown.o)
    0x080001ae   0x080001ae   0x00000000   Code   RO          530    .ARM.Collect$$libshutdown$$00000002  c_w.l(libshutdown2.o)
    0x080001ae   0x080001ae   0x00000000   Code   RO          532    .ARM.Collect$$libshutdown$$00000004  c_w.l(libshutdown2.o)
    0x080001ae   0x080001ae   0x00000000   Code   RO          535    .ARM.Collect$$libshutdown$$00000007  c_w.l(libshutdown2.o)
    0x080001ae   0x080001ae   0x00000000   Code   RO          538    .ARM.Collect$$libshutdown$$0000000A  c_w.l(libshutdown2.o)
    0x080001ae   0x080001ae   0x00000000   Code   RO          540    .ARM.Collect$$libshutdown$$0000000C  c_w.l(libshutdown2.o)
    0x080001ae   0x080001ae   0x00000000   Code   RO          543    .ARM.Collect$$libshutdown$$0000000F  c_w.l(libshutdown2.o)
    0x080001ae   0x080001ae   0x00000002   Code   RO          544    .ARM.Collect$$libshutdown$$00000010  c_w.l(libshutdown2.o)
    0x080001b0   0x080001b0   0x00000000   Code   RO          371    .ARM.Collect$$rtentry$$00000000  c_w.l(__rtentry.o)
    0x080001b0   0x080001b0   0x00000000   Code   RO          411    .ARM.Collect$$rtentry$$00000002  c_w.l(__rtentry2.o)
    0x080001b0   0x080001b0   0x00000006   Code   RO          423    .ARM.Collect$$rtentry$$00000004  c_w.l(__rtentry4.o)
    0x080001b6   0x080001b6   0x00000000   Code   RO          413    .ARM.Collect$$rtentry$$00000009  c_w.l(__rtentry2.o)
    0x080001b6   0x080001b6   0x00000004   Code   RO          414    .ARM.Collect$$rtentry$$0000000A  c_w.l(__rtentry2.o)
    0x080001ba   0x080001ba   0x00000000   Code   RO          416    .ARM.Collect$$rtentry$$0000000C  c_w.l(__rtentry2.o)
    0x080001ba   0x080001ba   0x00000008   Code   RO          417    .ARM.Collect$$rtentry$$0000000D  c_w.l(__rtentry2.o)
    0x080001c2   0x080001c2   0x00000002   Code   RO          449    .ARM.Collect$$rtexit$$00000000  c_w.l(rtexit.o)
    0x080001c4   0x080001c4   0x00000000   Code   RO          499    .ARM.Collect$$rtexit$$00000002  c_w.l(rtexit2.o)
    0x080001c4   0x080001c4   0x00000004   Code   RO          500    .ARM.Collect$$rtexit$$00000003  c_w.l(rtexit2.o)
    0x080001c8   0x080001c8   0x00000006   Code   RO          501    .ARM.Collect$$rtexit$$00000004  c_w.l(rtexit2.o)
    0x080001ce   0x080001ce   0x0000001a   Code   RO            1    .text               stm32f10x_it.o
    0x080001e8   0x080001e8   0x0000023c   Code   RO           56    .text               main.o
    0x08000424   0x08000424   0x00000040   Code   RO           95    .text               startup_stm32f10x_md.o
    0x08000464   0x08000464   0x00000b90   Code   RO          100    .text               lcd_driver.o
    0x08000ff4   0x08000ff4   0x0000007c   Code   RO          116    .text               exti.o
    0x08001070   0x08001070   0x000000e8   Code   RO          135    .text               timer.o
    0x08001158   0x08001158   0x000001f8   Code   RO          157    .text               keyboard.o
    0x08001350   0x08001350   0x000001e0   Code   RO          188    .text               system_stm32f10x.o
    0x08001530   0x08001530   0x000000dc   Code   RO          206    .text               misc.o
    0x0800160c   0x0800160c   0x0000011c   Code   RO          230    .text               stm32f10x_exti.o
    0x08001728   0x08001728   0x0000035c   Code   RO          242    .text               stm32f10x_gpio.o
    0x08001a84   0x08001a84   0x000003a4   Code   RO          254    .text               stm32f10x_rcc.o
    0x08001e28   0x08001e28   0x00000e1a   Code   RO          268    .text               stm32f10x_tim.o
    0x08002c42   0x08002c42   0x00000002   PAD
    0x08002c44   0x08002c44   0x00000408   Code   RO          280    .text               stm32f10x_usart.o
    0x0800304c   0x0800304c   0x000000d4   Code   RO          292    .text               delay.o
    0x08003120   0x08003120   0x000002fc   Code   RO          312    .text               usart.o
    0x0800341c   0x0800341c   0x00000006   Code   RO          329    .text               c_w.l(heapauxi.o)
    0x08003422   0x08003422   0x00000016   Code   RO          372    .text               c_w.l(_rserrno.o)
    0x08003438   0x08003438   0x00000008   Code   RO          428    .text               c_w.l(rt_errno_addr_intlibspace.o)
    0x08003440   0x08003440   0x00000008   Code   RO          434    .text               c_w.l(libspace.o)
    0x08003448   0x08003448   0x0000004a   Code   RO          437    .text               c_w.l(sys_stackheap_outer.o)
    0x08003492   0x08003492   0x00000012   Code   RO          439    .text               c_w.l(exit.o)
    0x080034a4   0x080034a4   0x0000000c   Code   RO          509    .text               c_w.l(sys_exit.o)
    0x080034b0   0x080034b0   0x00000002   Code   RO          520    .text               c_w.l(use_no_semi.o)
    0x080034b2   0x080034b2   0x00000000   Code   RO          522    .text               c_w.l(indicate_semi.o)
    0x080034b2   0x080034b2   0x00000028   Code   RO          397    i.__ARM_fpclassify  m_ws.l(fpclassify.o)
    0x080034da   0x080034da   0x000000aa   Code   RO          399    i.__kernel_poly     m_ws.l(poly.o)
    0x08003584   0x08003584   0x00000010   Code   RO          383    i.__mathlib_dbl_divzero  m_ws.l(dunder.o)
    0x08003594   0x08003594   0x00000004   Code   RO          385    i.__mathlib_dbl_infnan2  m_ws.l(dunder.o)
    0x08003598   0x08003598   0x0000000c   Code   RO          386    i.__mathlib_dbl_invalid  m_ws.l(dunder.o)
    0x080035a4   0x080035a4   0x0000000e   Code   RO          387    i.__mathlib_dbl_overflow  m_ws.l(dunder.o)
    0x080035b2   0x080035b2   0x00000002   PAD
    0x080035b4   0x080035b4   0x00000010   Code   RO          389    i.__mathlib_dbl_underflow  m_ws.l(dunder.o)
    0x080035c4   0x080035c4   0x000009d8   Code   RO          362    i.pow               m_ws.l(pow.o)
    0x08003f9c   0x08003f9c   0x0000004c   Code   RO          403    i.sqrt              m_ws.l(sqrt.o)
    0x08003fe8   0x08003fe8   0x00000150   Code   RO          333    x$fpl$dadd          fz_ws.l(daddsub_clz.o)
    0x08004138   0x08004138   0x00000010   Code   RO          430    x$fpl$dcheck1       fz_ws.l(dcheck1.o)
    0x08004148   0x08004148   0x00000018   Code   RO          374    x$fpl$dcmpinf       fz_ws.l(dcmpi.o)
    0x08004160   0x08004160   0x000002b0   Code   RO          340    x$fpl$ddiv          fz_ws.l(ddiv.o)
    0x08004410   0x08004410   0x00000078   Code   RO          343    x$fpl$deqf          fz_ws.l(deqf.o)
    0x08004488   0x08004488   0x0000005e   Code   RO          345    x$fpl$dfix          fz_ws.l(dfix.o)
    0x080044e6   0x080044e6   0x0000002e   Code   RO          350    x$fpl$dflt          fz_ws.l(dflt_clz.o)
    0x08004514   0x08004514   0x00000026   Code   RO          349    x$fpl$dfltu         fz_ws.l(dflt_clz.o)
    0x0800453a   0x0800453a   0x00000002   PAD
    0x0800453c   0x0800453c   0x00000078   Code   RO          355    x$fpl$dleqf         fz_ws.l(dleqf.o)
    0x080045b4   0x080045b4   0x00000154   Code   RO          357    x$fpl$dmul          fz_ws.l(dmul.o)
    0x08004708   0x08004708   0x0000009c   Code   RO          376    x$fpl$dnaninf       fz_ws.l(dnaninf.o)
    0x080047a4   0x080047a4   0x0000000c   Code   RO          378    x$fpl$dretinf       fz_ws.l(dretinf.o)
    0x080047b0   0x080047b0   0x0000006c   Code   RO          359    x$fpl$drleqf        fz_ws.l(drleqf.o)
    0x0800481c   0x0800481c   0x00000016   Code   RO          334    x$fpl$drsb          fz_ws.l(daddsub_clz.o)
    0x08004832   0x08004832   0x00000002   PAD
    0x08004834   0x08004834   0x000001cc   Code   RO          432    x$fpl$dsqrt         fz_ws.l(dsqrt_noumaal.o)
    0x08004a00   0x08004a00   0x000001d4   Code   RO          335    x$fpl$dsub          fz_ws.l(daddsub_clz.o)
    0x08004bd4   0x08004bd4   0x00000064   Code   RO          447    x$fpl$retnan        fz_ws.l(retnan.o)
    0x08004c38   0x08004c38   0x0000005c   Code   RO          380    x$fpl$scalbn        fz_ws.l(scalbn.o)
    0x08004c94   0x08004c94   0x00000030   Code   RO          496    x$fpl$trapveneer    fz_ws.l(trapv.o)
    0x08004cc4   0x08004cc4   0x00000000   Code   RO          382    x$fpl$usenofp       fz_ws.l(usenofp.o)
    0x08004cc4   0x08004cc4   0x00000818   Data   RO          101    .constdata          lcd_driver.o
    0x080054dc   0x080054dc   0x00000004   PAD
    0x080054e0   0x080054e0   0x00000088   Data   RO          363    .constdata          m_ws.l(pow.o)
    0x08005568   0x08005568   0x00000008   Data   RO          401    .constdata          m_ws.l(qnan.o)
    0x08005570   0x08005570   0x00000020   Data   RO          575    Region$$Table       anon$$obj.o


    Execution Region RW_IRAM1 (Exec base: 0x20000000, Load base: 0x08005590, Size: 0x000038a0, Max: 0x00005000, ABSOLUTE, COMPRESSED[0x00000ee0])

    Exec Addr    Load Addr    Size         Type   Attr      Idx    E Section Name        Object

    0x20000000   COMPRESSED   0x00000004   Data   RW           57    .data               main.o
    0x20000004   COMPRESSED   0x00003208   Data   RW          102    .data               lcd_driver.o
    0x2000320c   COMPRESSED   0x00000004   Data   RW          117    .data               exti.o
    0x20003210   COMPRESSED   0x00000014   Data   RW          189    .data               system_stm32f10x.o
    0x20003224   COMPRESSED   0x00000014   Data   RW          255    .data               stm32f10x_rcc.o
    0x20003238   COMPRESSED   0x00000004   Data   RW          293    .data               delay.o
    0x2000323c   COMPRESSED   0x00000001   Data   RW          313    .data               usart.o
    0x2000323d   COMPRESSED   0x00000003   PAD
    0x20003240        -       0x00000060   Zero   RW          435    .bss                c_w.l(libspace.o)
    0x200032a0        -       0x00000200   Zero   RW           93    HEAP                startup_stm32f10x_md.o
    0x200034a0        -       0x00000400   Zero   RW           92    STACK               startup_stm32f10x_md.o


==============================================================================

Image component sizes


      Code (inc. data)   RO Data    RW Data    ZI Data      Debug   Object Name

       212         18          0          4          0        951   delay.o
       124          8          0          4          0        838   exti.o
       504         10          0          0          0       1150   keyboard.o
      2960         44       2072      12808          0       7710   lcd_driver.o
       572         66          0          4          0       1631   main.o
       220         22          0          0          0       1681   misc.o
        64         26        236          0       1536        796   startup_stm32f10x_md.o
       284         10          0          0          0       2139   stm32f10x_exti.o
       860         38          0          0          0       5617   stm32f10x_gpio.o
        26          0          0          0          0     254362   stm32f10x_it.o
       932         36          0         20          0       8752   stm32f10x_rcc.o
      3610         88          0          0          0      22724   stm32f10x_tim.o
      1032         22          0          0          0       8340   stm32f10x_usart.o
       480         38          0         20          0       1683   system_stm32f10x.o
       232          8          0          0          0       1218   timer.o
       764         18          0          1          0       2020   usart.o

    ----------------------------------------------------------------------
     12878        452       2344      12864       1536     321612   Object Totals
         0          0         32          0          0          0   (incl. Generated)
         2          0          4          3          0          0   (incl. Padding)

    ----------------------------------------------------------------------

      Code (inc. data)   RO Data    RW Data    ZI Data      Debug   Library Member Name

       100          0          0          0          0          0   __dclz77c.o
         8          0          0          0          0         68   __main.o
         0          0          0          0          0          0   __rtentry.o
        12          0          0          0          0          0   __rtentry2.o
         6          0          0          0          0          0   __rtentry4.o
        52          8          0          0          0          0   __scatter.o
        28          0          0          0          0          0   __scatter_zi.o
        22          0          0          0          0        100   _rserrno.o
        18          0          0          0          0         80   exit.o
         6          0          0          0          0        152   heapauxi.o
         0          0          0          0          0          0   indicate_semi.o
         2          0          0          0          0          0   libinit.o
         2          0          0          0          0          0   libinit2.o
         2          0          0          0          0          0   libshutdown.o
         2          0          0          0          0          0   libshutdown2.o
         8          4          0          0         96         68   libspace.o
         8          4          0          0          0         68   rt_errno_addr_intlibspace.o
         2          0          0          0          0          0   rtexit.o
        10          0          0          0          0          0   rtexit2.o
        12          4          0          0          0         68   sys_exit.o
        74          0          0          0          0         80   sys_stackheap_outer.o
         2          0          0          0          0         68   use_no_semi.o
       826         16          0          0          0        348   daddsub_clz.o
        16          4          0          0          0         68   dcheck1.o
        24          0          0          0          0         68   dcmpi.o
       688        140          0          0          0        208   ddiv.o
       120          4          0          0          0         92   deqf.o
        94          4          0          0          0         92   dfix.o
        84          0          0          0          0        136   dflt_clz.o
       120          4          0          0          0         92   dleqf.o
       340         12          0          0          0        104   dmul.o
       156          4          0          0          0         92   dnaninf.o
        12          0          0          0          0         68   dretinf.o
       108          0          0          0          0         80   drleqf.o
       460         56          0          0          0        120   dsqrt_noumaal.o
       100          0          0          0          0         68   retnan.o
        92          0          0          0          0         68   scalbn.o
        48          0          0          0          0         68   trapv.o
         0          0          0          0          0          0   usenofp.o
        62         10          0          0          0        340   dunder.o
        40          0          0          0          0         68   fpclassify.o
       170          0          0          0          0         96   poly.o
      2520        190        136          0          0        324   pow.o
         0          0          8          0          0          0   qnan.o
        76          0          0          0          0         84   sqrt.o

    ----------------------------------------------------------------------
      6538        464        144          0         96       3436   Library Totals
         6          0          0          0          0          0   (incl. Padding)

    ----------------------------------------------------------------------

      Code (inc. data)   RO Data    RW Data    ZI Data      Debug   Library Name

       376         20          0          0         96        752   c_w.l
      3288        244          0          0          0       1772   fz_ws.l
      2868        200        144          0          0        912   m_ws.l

    ----------------------------------------------------------------------
      6538        464        144          0         96       3436   Library Totals

    ----------------------------------------------------------------------

==============================================================================


      Code (inc. data)   RO Data    RW Data    ZI Data      Debug   

     19416        916       2488      12864       1632     322184   Grand Totals
     19416        916       2488       3808       1632     322184   ELF Image Totals (compressed)
     19416        916       2488       3808          0          0   ROM Totals

==============================================================================

    Total RO  Size (Code + RO Data)                21904 (  21.39kB)
    Total RW  Size (RW Data + ZI Data)             14496 (  14.16kB)
    Total ROM Size (Code + RO Data + RW Data)      25712 (  25.11kB)

==============================================================================

